Archive member included to satisfy reference by file (symbol)

C:/ST/STM32CubeIDE_2.1.1/STM32CubeIDE/plugins/com.st.stm32cube.ide.mcu.externaltools.gnu-tools-for-stm32.14.3.rel1.win32_1.0.100.202602081740/tools/bin/../lib/gcc/arm-none-eabi/14.3.1/../../../../arm-none-eabi/lib/thumb/v7e-m+fp/hard\libc_nano.a(libc_a-exit.o)
                              C:/ST/STM32CubeIDE_2.1.1/STM32CubeIDE/plugins/com.st.stm32cube.ide.mcu.externaltools.gnu-tools-for-stm32.14.3.rel1.win32_1.0.100.202602081740/tools/bin/../lib/gcc/arm-none-eabi/14.3.1/../../../../arm-none-eabi/lib/thumb/v7e-m+fp/hard/crt0.o (exit)
C:/ST/STM32CubeIDE_2.1.1/STM32CubeIDE/plugins/com.st.stm32cube.ide.mcu.externaltools.gnu-tools-for-stm32.14.3.rel1.win32_1.0.100.202602081740/tools/bin/../lib/gcc/arm-none-eabi/14.3.1/../../../../arm-none-eabi/lib/thumb/v7e-m+fp/hard\libc_nano.a(libc_a-findfp.o)
                              ./Middlewares/Third_Party/FreeRTOS/Source/tasks.o (__sf)
C:/ST/STM32CubeIDE_2.1.1/STM32CubeIDE/plugins/com.st.stm32cube.ide.mcu.externaltools.gnu-tools-for-stm32.14.3.rel1.win32_1.0.100.202602081740/tools/bin/../lib/gcc/arm-none-eabi/14.3.1/../../../../arm-none-eabi/lib/thumb/v7e-m+fp/hard\libc_nano.a(libc_a-fwalk.o)
                              C:/ST/STM32CubeIDE_2.1.1/STM32CubeIDE/plugins/com.st.stm32cube.ide.mcu.externaltools.gnu-tools-for-stm32.14.3.rel1.win32_1.0.100.202602081740/tools/bin/../lib/gcc/arm-none-eabi/14.3.1/../../../../arm-none-eabi/lib/thumb/v7e-m+fp/hard\libc_nano.a(libc_a-findfp.o) (_fwalk_sglue)
C:/ST/STM32CubeIDE_2.1.1/STM32CubeIDE/plugins/com.st.stm32cube.ide.mcu.externaltools.gnu-tools-for-stm32.14.3.rel1.win32_1.0.100.202602081740/tools/bin/../lib/gcc/arm-none-eabi/14.3.1/../../../../arm-none-eabi/lib/thumb/v7e-m+fp/hard\libc_nano.a(libc_a-snprintf.o)
                              ./Core/Src/main.o (snprintf)
C:/ST/STM32CubeIDE_2.1.1/STM32CubeIDE/plugins/com.st.stm32cube.ide.mcu.externaltools.gnu-tools-for-stm32.14.3.rel1.win32_1.0.100.202602081740/tools/bin/../lib/gcc/arm-none-eabi/14.3.1/../../../../arm-none-eabi/lib/thumb/v7e-m+fp/hard\libc_nano.a(libc_a-stdio.o)
                              C:/ST/STM32CubeIDE_2.1.1/STM32CubeIDE/plugins/com.st.stm32cube.ide.mcu.externaltools.gnu-tools-for-stm32.14.3.rel1.win32_1.0.100.202602081740/tools/bin/../lib/gcc/arm-none-eabi/14.3.1/../../../../arm-none-eabi/lib/thumb/v7e-m+fp/hard\libc_nano.a(libc_a-findfp.o) (__sread)
C:/ST/STM32CubeIDE_2.1.1/STM32CubeIDE/plugins/com.st.stm32cube.ide.mcu.externaltools.gnu-tools-for-stm32.14.3.rel1.win32_1.0.100.202602081740/tools/bin/../lib/gcc/arm-none-eabi/14.3.1/../../../../arm-none-eabi/lib/thumb/v7e-m+fp/hard\libc_nano.a(libc_a-memset.o)
                              C:/ST/STM32CubeIDE_2.1.1/STM32CubeIDE/plugins/com.st.stm32cube.ide.mcu.externaltools.gnu-tools-for-stm32.14.3.rel1.win32_1.0.100.202602081740/tools/bin/../lib/gcc/arm-none-eabi/14.3.1/../../../../arm-none-eabi/lib/thumb/v7e-m+fp/hard/crt0.o (memset)
C:/ST/STM32CubeIDE_2.1.1/STM32CubeIDE/plugins/com.st.stm32cube.ide.mcu.externaltools.gnu-tools-for-stm32.14.3.rel1.win32_1.0.100.202602081740/tools/bin/../lib/gcc/arm-none-eabi/14.3.1/../../../../arm-none-eabi/lib/thumb/v7e-m+fp/hard\libc_nano.a(libc_a-strncpy.o)
                              ./App/LCD/ILI9341.o (strncpy)
C:/ST/STM32CubeIDE_2.1.1/STM32CubeIDE/plugins/com.st.stm32cube.ide.mcu.externaltools.gnu-tools-for-stm32.14.3.rel1.win32_1.0.100.202602081740/tools/bin/../lib/gcc/arm-none-eabi/14.3.1/../../../../arm-none-eabi/lib/thumb/v7e-m+fp/hard\libc_nano.a(libc_a-closer.o)
                              C:/ST/STM32CubeIDE_2.1.1/STM32CubeIDE/plugins/com.st.stm32cube.ide.mcu.externaltools.gnu-tools-for-stm32.14.3.rel1.win32_1.0.100.202602081740/tools/bin/../lib/gcc/arm-none-eabi/14.3.1/../../../../arm-none-eabi/lib/thumb/v7e-m+fp/hard\libc_nano.a(libc_a-stdio.o) (_close_r)
C:/ST/STM32CubeIDE_2.1.1/STM32CubeIDE/plugins/com.st.stm32cube.ide.mcu.externaltools.gnu-tools-for-stm32.14.3.rel1.win32_1.0.100.202602081740/tools/bin/../lib/gcc/arm-none-eabi/14.3.1/../../../../arm-none-eabi/lib/thumb/v7e-m+fp/hard\libc_nano.a(libc_a-reent.o)
                              ./Middlewares/Third_Party/FreeRTOS/Source/tasks.o (_reclaim_reent)
C:/ST/STM32CubeIDE_2.1.1/STM32CubeIDE/plugins/com.st.stm32cube.ide.mcu.externaltools.gnu-tools-for-stm32.14.3.rel1.win32_1.0.100.202602081740/tools/bin/../lib/gcc/arm-none-eabi/14.3.1/../../../../arm-none-eabi/lib/thumb/v7e-m+fp/hard\libc_nano.a(libc_a-impure.o)
                              ./Middlewares/Third_Party/FreeRTOS/Source/tasks.o (_impure_ptr)
C:/ST/STM32CubeIDE_2.1.1/STM32CubeIDE/plugins/com.st.stm32cube.ide.mcu.externaltools.gnu-tools-for-stm32.14.3.rel1.win32_1.0.100.202602081740/tools/bin/../lib/gcc/arm-none-eabi/14.3.1/../../../../arm-none-eabi/lib/thumb/v7e-m+fp/hard\libc_nano.a(libc_a-lseekr.o)
[...]
Memory Configuration

Name             Origin             Length             Attributes
RAM              0x20000000         0x00020000         xrw
FLASH            0x08000000         0x00080000         xr
*default*        0x00000000         0xffffffff

Linker script and memory map

LOAD C:/ST/STM32CubeIDE_2.1.1/STM32CubeIDE/plugins/com.st.stm32cube.ide.mcu.externaltools.gnu-tools-for-stm32.14.3.rel1.win32_1.0.100.202602081740/tools/bin/../lib/gcc/arm-none-eabi/14.3.1/thumb/v7e-m+fp/hard/crti.o
LOAD C:/ST/STM32CubeIDE_2.1.1/STM32CubeIDE/plugins/com.st.stm32cube.ide.mcu.externaltools.gnu-tools-for-stm32.14.3.rel1.win32_1.0.100.202602081740/tools/bin/../lib/gcc/arm-none-eabi/14.3.1/thumb/v7e-m+fp/hard/crtbegin.o
LOAD C:/ST/STM32CubeIDE_2.1.1/STM32CubeIDE/plugins/com.st.stm32cube.ide.mcu.externaltools.gnu-tools-for-stm32.14.3.rel1.win32_1.0.100.202602081740/tools/bin/../lib/gcc/arm-none-eabi/14.3.1/../../../../arm-none-eabi/lib/thumb/v7e-m+fp/hard/crt0.o
LOAD ./App/LCD/ILI9341.o
LOAD ./App/LCD/XPT2046.o
LOAD ./App/LCD/glcdfont.o
LOAD ./App/UART/esp8266_uart.o
LOAD ./App/sensors/sht3x.o
LOAD ./Core/Src/freertos.o
LOAD ./Core/Src/main.o
LOAD ./Core/Src/stm32f4xx_hal_msp.o
LOAD ./Core/Src/stm32f4xx_hal_timebase_tim.o
LOAD ./Core/Src/stm32f4xx_it.o
LOAD ./Core/Src/syscalls.o
LOAD ./Core/Src/sysmem.o
LOAD ./Core/Src/system_stm32f4xx.o
LOAD ./Core/Startup/startup_stm32f411retx.o
LOAD ./Drivers/STM32F4xx_HAL_Driver/Src/stm32f4xx_hal.o
LOAD ./Drivers/STM32F4xx_HAL_Driver/Src/stm32f4xx_hal_cortex.o
LOAD ./Drivers/STM32F4xx_HAL_Driver/Src/stm32f4xx_hal_dma.o
LOAD ./Drivers/STM32F4xx_HAL_Driver/Src/stm32f4xx_hal_dma_ex.o
LOAD ./Drivers/STM32F4xx_HAL_Driver/Src/stm32f4xx_hal_exti.o
LOAD ./Drivers/STM32F4xx_HAL_Driver/Src/stm32f4xx_hal_flash.o
LOAD ./Drivers/STM32F4xx_HAL_Driver/Src/stm32f4xx_hal_flash_ex.o
LOAD ./Drivers/STM32F4xx_HAL_Driver/Src/stm32f4xx_hal_flash_ramfunc.o
LOAD ./Drivers/STM32F4xx_HAL_Driver/Src/stm32f4xx_hal_gpio.o
LOAD ./Drivers/STM32F4xx_HAL_Driver/Src/stm32f4xx_hal_i2c.o
LOAD ./Drivers/STM32F4xx_HAL_Driver/Src/stm32f4xx_hal_i2c_ex.o
LOAD ./Drivers/STM32F4xx_HAL_Driver/Src/stm32f4xx_hal_pwr.o
LOAD ./Drivers/STM32F4xx_HAL_Driver/Src/stm32f4xx_hal_pwr_ex.o
LOAD ./Drivers/STM32F4xx_HAL_Driver/Src/stm32f4xx_hal_rcc.o
LOAD ./Drivers/STM32F4xx_HAL_Driver/Src/stm32f4xx_hal_rcc_ex.o
LOAD ./Drivers/STM32F4xx_HAL_Driver/Src/stm32f4xx_hal_spi.o
LOAD ./Drivers/STM32F4xx_HAL_Driver/Src/stm32f4xx_hal_tim.o
LOAD ./Drivers/STM32F4xx_HAL_Driver/Src/stm32f4xx_hal_tim_ex.o
LOAD ./Drivers/STM32F4xx_HAL_Driver/Src/stm32f4xx_hal_uart.o
LOAD ./Middlewares/Third_Party/FreeRTOS/Source/CMSIS_RTOS_V2/cmsis_os2.o
LOAD ./Middlewares/Third_Party/FreeRTOS/Source/croutine.o
LOAD ./Middlewares/Third_Party/FreeRTOS/Source/event_groups.o
LOAD ./Middlewares/Third_Party/FreeRTOS/Source/list.o
LOAD ./Middlewares/Third_Party/FreeRTOS/Source/queue.o
LOAD ./Middlewares/Third_Party/FreeRTOS/Source/stream_buffer.o
LOAD ./Middlewares/Third_Party/FreeRTOS/Source/tasks.o
LOAD ./Middlewares/Third_Party/FreeRTOS/Source/timers.o
LOAD ./Middlewares/Third_Party/FreeRTOS/Source/portable/GCC/ARM_CM4F/port.o
LOAD ./Middlewares/Third_Party/FreeRTOS/Source/portable/MemMang/heap_4.o
START GROUP
LOAD C:/ST/STM32CubeIDE_2.1.1/STM32CubeIDE/plugins/com.st.stm32cube.ide.mcu.externaltools.gnu-tools-for-stm32.14.3.rel1.win32_1.0.100.202602081740/tools/bin/../lib/gcc/arm-none-eabi/14.3.1/../../../../arm-none-eabi/lib/thumb/v7e-m+fp/hard\libc_nano.a
LOAD C:/ST/STM32CubeIDE_2.1.1/STM32CubeIDE/plugins/com.st.stm32cube.ide.mcu.externaltools.gnu-tools-for-stm32.14.3.rel1.win32_1.0.100.202602081740/tools/bin/../lib/gcc/arm-none-eabi/14.3.1/../../../../arm-none-eabi/lib/thumb/v7e-m+fp/hard\libm.a
END GROUP
START GROUP
LOAD C:/ST/STM32CubeIDE_2.1.1/STM32CubeIDE/plugins/com.st.stm32cube.ide.mcu.externaltools.gnu-tools-for-stm32.14.3.rel1.win32_1.0.100.202602081740/tools/bin/../lib/gcc/arm-none-eabi/14.3.1/thumb/v7e-m+fp/hard\libgcc.a
LOAD C:/ST/STM32CubeIDE_2.1.1/STM32CubeIDE/plugins/com.st.stm32cube.ide.mcu.externaltools.gnu-tools-for-stm32.14.3.rel1.win32_1.0.100.202602081740/tools/bin/../lib/gcc/arm-none-eabi/14.3.1/../../../../arm-none-eabi/lib/thumb/v7e-m+fp/hard\libc_nano.a
END GROUP
START GROUP
LOAD C:/ST/STM32CubeIDE_2.1.1/STM32CubeIDE/plugins/com.st.stm32cube.ide.mcu.externaltools.gnu-tools-for-stm32.14.3.rel1.win32_1.0.100.202602081740/tools/bin/../lib/gcc/arm-none-eabi/14.3.1/thumb/v7e-m+fp/hard\libgcc.a
LOAD C:/ST/STM32CubeIDE_2.1.1/STM32CubeIDE/plugins/com.st.stm32cube.ide.mcu.externaltools.gnu-tools-for-stm32.14.3.rel1.win32_1.0.100.202602081740/tools/bin/../lib/gcc/arm-none-eabi/14.3.1/../../../../arm-none-eabi/lib/thumb/v7e-m+fp/hard\libc_nano.a
LOAD C:/ST/STM32CubeIDE_2.1.1/STM32CubeIDE/plugins/com.st.stm32cube.ide.mcu.externaltools.gnu-tools-for-stm32.14.3.rel1.win32_1.0.100.202602081740/tools/bin/../lib/gcc/arm-none-eabi/14.3.1/../../../../arm-none-eabi/lib/thumb/v7e-m+fp/hard\libnosys.a
END GROUP
START GROUP
LOAD C:/ST/STM32CubeIDE_2.1.1/STM32CubeIDE/plugins/com.st.stm32cube.ide.mcu.externaltools.gnu-tools-for-stm32.14.3.rel1.win32_1.0.100.202602081740/tools/bin/../lib/gcc/arm-none-eabi/14.3.1/thumb/v7e-m+fp/hard\libgcc.a
LOAD C:/ST/STM32CubeIDE_2.1.1/STM32CubeIDE/plugins/com.st.stm32cube.ide.mcu.externaltools.gnu-tools-for-stm32.14.3.rel1.win32_1.0.100.202602081740/tools/bin/../lib/gcc/arm-none-eabi/14.3.1/../../../../arm-none-eabi/lib/thumb/v7e-m+fp/hard\libc_nano.a
LOAD C:/ST/STM32CubeIDE_2.1.1/STM32CubeIDE/plugins/com.st.stm32cube.ide.mcu.externaltools.gnu-tools-for-stm32.14.3.rel1.win32_1.0.100.202602081740/tools/bin/../lib/gcc/arm-none-eabi/14.3.1/../../../../arm-none-eabi/lib/thumb/v7e-m+fp/hard\libnosys.a
END GROUP
LOAD C:/ST/STM32CubeIDE_2.1.1/STM32CubeIDE/plugins/com.st.stm32cube.ide.mcu.externaltools.gnu-tools-for-stm32.14.3.rel1.win32_1.0.100.202602081740/tools/bin/../lib/gcc/arm-none-eabi/14.3.1/thumb/v7e-m+fp/hard/crtend.o
LOAD C:/ST/STM32CubeIDE_2.1.1/STM32CubeIDE/plugins/com.st.stm32cube.ide.mcu.externaltools.gnu-tools-for-stm32.14.3.rel1.win32_1.0.100.202602081740/tools/bin/../lib/gcc/arm-none-eabi/14.3.1/thumb/v7e-m+fp/hard/crtn.o
                0x20020000                        _estack = (ORIGIN (RAM) + LENGTH (RAM))
                0x00000200                        _Min_Heap_Size = 0x200
                0x00000400                        _Min_Stack_Size = 0x400

.isr_vector     0x08000000      0x198
                0x08000000                        . = ALIGN (0x4)
 *(.isr_vector)
 .isr_vector    0x08000000      0x198 ./Core/Startup/startup_stm32f411retx.o
                0x08000000                g_pfnVectors
                0x08000198                        . = ALIGN (0x4)

.text           0x080001a0     0xa754
                0x080001a0                        . = ALIGN (0x4)
 *(.text)
 .text          0x080001a0       0x40 C:/ST/STM32CubeIDE_2.1.1/STM32CubeIDE/plugins/com.st.stm32cube.ide.mcu.externaltools.gnu-tools-for-stm32.14.3.rel1.win32_1.0.100.202602081740/tools/bin/../lib/gcc/arm-none-eabi/14.3.1/thumb/v7e-m+fp/hard/crtbegin.o
 .text          0x080001e0       0x10 C:/ST/STM32CubeIDE_2.1.1/STM32CubeIDE/plugins/com.st.stm32cube.ide.mcu.externaltools.gnu-tools-for-stm32.14.3.rel1.win32_1.0.100.202602081740/tools/bin/../lib/gcc/arm-none-eabi/14.3.1/../../../../arm-none-eabi/lib/thumb/v7e-m+fp/hard\libc_nano.a(libc_a-strlen.o)
                0x080001e0                strlen
 .text          0x080001f0       0xa0 C:/ST/STM32CubeIDE_2.1.1/STM32CubeIDE/plugins/com.st.stm32cube.ide.mcu.externaltools.gnu-tools-for-stm32.14.3.rel1.win32_1.0.100.202602081740/tools/bin/../lib/gcc/arm-none-eabi/14.3.1/../../../../arm-none-eabi/lib/thumb/v7e-m+fp/hard\libc_nano.a(libc_a-memchr.o)
                0x080001f0                memchr
 .text          0x08000290       0x30 C:/ST/STM32CubeIDE_2.1.1/STM32CubeIDE/plugins/com.st.stm32cube.ide.mcu.externaltools.gnu-tools-for-stm32.14.3.rel1.win32_1.0.100.202602081740/tools/bin/../lib/gcc/arm-none-eabi/14.3.1/thumb/v7e-m+fp/hard\libgcc.a(_aeabi_uldivmod.o)
                0x08000290                __aeabi_uldivmod
 .text          0x080002c0      0x2f8 C:/ST/STM32CubeIDE_2.1.1/STM32CubeIDE/plugins/com.st.stm32cube.ide.mcu.externaltools.gnu-tools-for-stm32.14.3.rel1.win32_1.0.100.202602081740/tools/bin/../lib/gcc/arm-none-eabi/14.3.1/thumb/v7e-m+fp/hard\libgcc.a(_udivmoddi4.o)
                0x080002c0                __udivmoddi4
 .text          0x080005b8        0x4 C:/ST/STM32CubeIDE_2.1.1/STM32CubeIDE/plugins/com.st.stm32cube.ide.mcu.externaltools.gnu-tools-for-stm32.14.3.rel1.win32_1.0.100.202602081740/tools/bin/../lib/gcc/arm-none-eabi/14.3.1/thumb/v7e-m+fp/hard\libgcc.a(_dvmd_tls.o)
                0x080005b8                __aeabi_idiv0
                0x080005b8                __aeabi_ldiv0
 *(.text*)
 .text.spi_write8
                0x080005bc       0x24 ./App/LCD/ILI9341.o
 .text.spi_write16
                0x080005e0       0x36 ./App/LCD/ILI9341.o
 .text.writecommand
                0x08000616       0x2e ./App/LCD/ILI9341.o
 .text.writedata8
                0x08000644       0x2e ./App/LCD/ILI9341.o
 .text.writedata16
                0x08000672       0x2e ./App/LCD/ILI9341.o
 .text.setAddr  0x080006a0       0xb6 ./App/LCD/ILI9341.o
 .text.ILI9341_init
                0x08000756       0x8a ./App/LCD/ILI9341.o
                0x08000756                ILI9341_init
 .text.ILI9341_begin
                0x080007e0      0x11c ./App/LCD/ILI9341.o
                0x080007e0                ILI9341_begin
 .text.ILI9341_drawFastVLine
                0x080008fc       0xf0 ./App/LCD/ILI9341.o
                0x080008fc                ILI9341_drawFastVLine
 .text.ILI9341_drawFastHLine
                0x080009ec       0xf0 ./App/LCD/ILI9341.o
                0x080009ec                ILI9341_drawFastHLine
 .text.ILI9341_fillScreen
                0x08000adc       0x32 ./App/LCD/ILI9341.o
                0x08000adc                ILI9341_fillScreen
 .text.ILI9341_fillRect
                0x08000b0e      0x16c ./App/LCD/ILI9341.o
                0x08000b0e                ILI9341_fillRect
 *fill*         0x08000c7a        0x2 
 .text.ILI9341_setRotation
                0x08000c7c       0xd4 ./App/LCD/ILI9341.o
                0x08000c7c                ILI9341_setRotation
 .text._fillCircleHelper
                0x08000d50      0x184 ./App/LCD/ILI9341.o
 .text.ILI9341_fillCircle
                0x08000ed4       0x68 ./App/LCD/ILI9341.o
                0x08000ed4                ILI9341_fillCircle
 .text.ILI9341_drawChar
                0x08000f3c      0x334 ./App/LCD/ILI9341.o
                0x08000f3c                ILI9341_drawChar
 .text.ILI9341_writeChar
                0x08001270      0x114 ./App/LCD/ILI9341.o
                0x08001270                ILI9341_writeChar
 .text.ILI9341_writeString
                0x08001384       0x2e ./App/LCD/ILI9341.o
                0x08001384                ILI9341_writeString
 .text.ILI9341_measureTextWidth
                0x080013b2       0x84 ./App/LCD/ILI9341.o
                0x080013b2                ILI9341_measureTextWidth
 .text.ILI9341_measureTextHeight
                0x08001436       0xa2 ./App/LCD/ILI9341.o
                0x08001436                ILI9341_measureTextHeight
 .text.ILI9341_setCursor
                0x080014d8       0x80 ./App/LCD/ILI9341.o
                0x080014d8                ILI9341_setCursor
 .text.ILI9341_setTextSize
                0x08001558       0x2a ./App/LCD/ILI9341.o
                0x08001558                ILI9341_setTextSize
 .text.ILI9341_setTextColorBG
                0x08001582       0x28 ./App/LCD/ILI9341.o
                0x08001582                ILI9341_setTextColorBG
 .text.ILI9341_width
                0x080015aa       0x1a ./App/LCD/ILI9341.o
                0x080015aa                ILI9341_width
 .text.ILI9341_height
                0x080015c4       0x1a ./App/LCD/ILI9341.o
                0x080015c4                ILI9341_height
 .text.cs_low   0x080015de       0x20 ./App/LCD/XPT2046.o
 .text.cs_high  0x080015fe       0x20 ./App/LCD/XPT2046.o
 .text.spi_transfer
                0x0800161e       0x30 ./App/LCD/XPT2046.o
 .text.spi_transfer16
                0x0800164e       0x4a ./App/LCD/XPT2046.o
 .text.besttwoavg
                0x08001698       0xe8 ./App/LCD/XPT2046.o
 .text.XPT2046_init
                0x08001780       0x84 ./App/LCD/XPT2046.o
                0x08001780                XPT2046_init
 .text.XPT2046_begin
                0x08001804       0x18 ./App/LCD/XPT2046.o
                0x08001804                XPT2046_begin
 .text.XPT2046_irqHandler
                0x0800181c       0x1c ./App/LCD/XPT2046.o
                0x0800181c                XPT2046_irqHandler
 .text.XPT2046_touched
                0x08001838       0x5e ./App/LCD/XPT2046.o
                0x08001838                XPT2046_touched
 .text.XPT2046_getPoint
                0x08001896       0x40 ./App/LCD/XPT2046.o
                0x08001896                XPT2046_getPoint
 .text.XPT2046_setRotation
                0x080018d6       0x24 ./App/LCD/XPT2046.o
                0x080018d6                XPT2046_setRotation
 .text.XPT2046_updateInternal
                0x080018fa      0x214 ./App/LCD/XPT2046.o
 .text.XPT2046_update
                0x08001b0e       0x18 ./App/LCD/XPT2046.o
                0x08001b0e                XPT2046_update
 .text.XPT2046_waitTouch
                0x08001b26       0xc6 ./App/LCD/XPT2046.o
                0x08001b26                XPT2046_waitTouch
 .text.esp8266_uart_rx_byte
                0x08001bec       0xda ./App/UART/esp8266_uart.o
                0x08001bec                esp8266_uart_rx_byte
 *fill*         0x08001cc6        0x2 
 .text.main     0x08001cc8       0x80 ./Core/Src/main.o
                0x08001cc8                main
 .text.SystemClock_Config
                0x08001d48       0xbc ./Core/Src/main.o
                0x08001d48                SystemClock_Config
 .text.MX_I2C1_Init
                0x08001e04       0x5c ./Core/Src/main.o
 .text.MX_SPI1_Init
                0x08001e60       0x6c ./Core/Src/main.o
 .text.MX_TIM1_Init
                0x08001ecc      0x108 ./Core/Src/main.o
 .text.MX_USART1_UART_Init
                0x08001fd4       0x54 ./Core/Src/main.o
 .text.MX_USART2_UART_Init
                0x08002028       0x54 ./Core/Src/main.o
 .text.MX_GPIO_Init
                0x0800207c      0x160 ./Core/Src/main.o
 .text.HAL_UART_RxCpltCallback
                0x080021dc       0x44 ./Core/Src/main.o
                0x080021dc                HAL_UART_RxCpltCallback
 .text.HAL_GPIO_EXTI_Callback
                0x08002220       0x30 ./Core/Src/main.o
                0x08002220                HAL_GPIO_EXTI_Callback
 .text.draw_target
                0x08002250       0x68 ./Core/Src/main.o
 .text.lcd_draw_idle
                0x080022b8       0x98 ./Core/Src/main.o
 .text.touchscreen_debug_calibrate
                0x08002350      0x5a0 ./Core/Src/main.o
                0x08002350                touchscreen_debug_calibrate
 .text.StartLCDTask
                0x080028f0      0x330 ./Core/Src/main.o
                0x080028f0                StartLCDTask
 .text.StartDefaultTask
                0x08002c20       0x10 ./Core/Src/main.o
                0x08002c20                StartDefaultTask
 .text.HAL_TIM_PeriodElapsedCallback
                0x08002c30       0x24 ./Core/Src/main.o
                0x08002c30                HAL_TIM_PeriodElapsedCallback
 .text.Error_Handler
                0x08002c54        0xc ./Core/Src/main.o
                0x08002c54                Error_Handler
 .text.HAL_MspInit
                0x08002c60       0x58 ./Core/Src/stm32f4xx_hal_msp.o
                0x08002c60                HAL_MspInit
 .text.HAL_I2C_MspInit
                0x08002cb8       0x90 ./Core/Src/stm32f4xx_hal_msp.o
                0x08002cb8                HAL_I2C_MspInit
 .text.HAL_SPI_MspInit
                0x08002d48       0x90 ./Core/Src/stm32f4xx_hal_msp.o
                0x08002d48                HAL_SPI_MspInit
 .text.HAL_TIM_PWM_MspInit
                0x08002dd8       0x44 ./Core/Src/stm32f4xx_hal_msp.o
                0x08002dd8                HAL_TIM_PWM_MspInit
 .text.HAL_TIM_MspPostInit
                0x08002e1c       0x74 ./Core/Src/stm32f4xx_hal_msp.o
                0x08002e1c                HAL_TIM_MspPostInit
 .text.HAL_UART_MspInit
                0x08002e90      0x108 ./Core/Src/stm32f4xx_hal_msp.o
                0x08002e90                HAL_UART_MspInit
 .text.HAL_InitTick
                0x08002f98       0xf8 ./Core/Src/stm32f4xx_hal_timebase_tim.o
                0x08002f98                HAL_InitTick
 .text.NMI_Handler
                0x08003090        0x8 ./Core/Src/stm32f4xx_it.o
                0x08003090                NMI_Handler
 .text.HardFault_Handler
                0x08003098        0x8 ./Core/Src/stm32f4xx_it.o
                0x08003098                HardFault_Handler
 .text.MemManage_Handler
                0x080030a0        0x8 ./Core/Src/stm32f4xx_it.o
                0x080030a0                MemManage_Handler
 .text.BusFault_Handler
                0x080030a8        0x8 ./Core/Src/stm32f4xx_it.o
                0x080030a8                BusFault_Handler
 .text.UsageFault_Handler
                0x080030b0        0x8 ./Core/Src/stm32f4xx_it.o
                0x080030b0                UsageFault_Handler
 .text.DebugMon_Handler
                0x080030b8        0xe ./Core/Src/stm32f4xx_it.o
                0x080030b8                DebugMon_Handler
 .text.EXTI2_IRQHandler
                0x080030c6        0xe ./Core/Src/stm32f4xx_it.o
                0x080030c6                EXTI2_IRQHandler
 .text.USART1_IRQHandler
                0x080030d4       0x14 ./Core/Src/stm32f4xx_it.o
                0x080030d4                USART1_IRQHandler
 .text.EXTI15_10_IRQHandler
                0x080030e8       0x10 ./Core/Src/stm32f4xx_it.o
                0x080030e8                EXTI15_10_IRQHandler
 .text.TIM5_IRQHandler
                0x080030f8       0x14 ./Core/Src/stm32f4xx_it.o
                0x080030f8                TIM5_IRQHandler
 .text._sbrk    0x0800310c       0x6c ./Core/Src/sysmem.o
                0x0800310c                _sbrk
 .text.SystemInit
                0x08003178       0x24 ./Core/Src/system_stm32f4xx.o
                0x08003178                SystemInit
 .text.Reset_Handler
                0x0800319c       0x50 ./Core/Startup/startup_stm32f411retx.o
                0x0800319c                Reset_Handler
 .text.Default_Handler
                0x080031ec        0x2 ./Core/Startup/startup_stm32f411retx.o
                0x080031ec                RTC_Alarm_IRQHandler
                0x080031ec                SPI4_IRQHandler
                0x080031ec                TIM1_CC_IRQHandler
                0x080031ec                DMA2_Stream5_IRQHandler
                0x080031ec                DMA1_Stream5_IRQHandler
                0x080031ec                PVD_IRQHandler
                0x080031ec                SDIO_IRQHandler
                0x080031ec                TAMP_STAMP_IRQHandler
                0x080031ec                EXTI3_IRQHandler
                0x080031ec                TIM1_UP_TIM10_IRQHandler
                0x080031ec                I2C3_ER_IRQHandler
                0x080031ec                EXTI0_IRQHandler
                0x080031ec                I2C2_EV_IRQHandler
                0x080031ec                DMA1_Stream2_IRQHandler
                0x080031ec                FPU_IRQHandler
                0x080031ec                DMA2_Stream2_IRQHandler
                0x080031ec                SPI1_IRQHandler
                0x080031ec                TIM1_BRK_TIM9_IRQHandler
                0x080031ec                DMA2_Stream3_IRQHandler
                0x080031ec                USART6_IRQHandler
                0x080031ec                DMA2_Stream0_IRQHandler
                0x080031ec                TIM4_IRQHandler
                0x080031ec                I2C1_EV_IRQHandler
                0x080031ec                DMA1_Stream6_IRQHandler
                0x080031ec                DMA1_Stream1_IRQHandler
                0x080031ec                TIM3_IRQHandler
                0x080031ec                RCC_IRQHandler
                0x080031ec                Default_Handler
                0x080031ec                ADC_IRQHandler
                0x080031ec                DMA1_Stream7_IRQHandler
                0x080031ec                SPI5_IRQHandler
                0x080031ec                DMA2_Stream7_IRQHandler
                0x080031ec                I2C3_EV_IRQHandler
                0x080031ec                EXTI9_5_IRQHandler
                0x080031ec                RTC_WKUP_IRQHandler
                0x080031ec                SPI2_IRQHandler
                0x080031ec                DMA1_Stream0_IRQHandler
                0x080031ec                EXTI4_IRQHandler
                0x080031ec                WWDG_IRQHandler
                0x080031ec                TIM2_IRQHandler
                0x080031ec                OTG_FS_WKUP_IRQHandler
                0x080031ec                TIM1_TRG_COM_TIM11_IRQHandler
                0x080031ec                EXTI1_IRQHandler
                0x080031ec                USART2_IRQHandler
                0x080031ec                I2C2_ER_IRQHandler
                0x080031ec                DMA2_Stream1_IRQHandler
                0x080031ec                FLASH_IRQHandler
                0x080031ec                DMA2_Stream4_IRQHandler
                0x080031ec                OTG_FS_IRQHandler
                0x080031ec                SPI3_IRQHandler
                0x080031ec                DMA1_Stream4_IRQHandler
                0x080031ec                I2C1_ER_IRQHandler
                0x080031ec                DMA2_Stream6_IRQHandler
                0x080031ec                DMA1_Stream3_IRQHandler
 *fill*         0x080031ee        0x2 
 .text.HAL_Init
                0x080031f0       0x44 ./Drivers/STM32F4xx_HAL_Driver/Src/stm32f4xx_hal.o
                0x080031f0                HAL_Init
 .text.HAL_IncTick
                0x08003234       0x28 ./Drivers/STM32F4xx_HAL_Driver/Src/stm32f4xx_hal.o
                0x08003234                HAL_IncTick
 .text.HAL_GetTick
                0x0800325c       0x18 ./Drivers/STM32F4xx_HAL_Driver/Src/stm32f4xx_hal.o
                0x0800325c                HAL_GetTick
 .text.HAL_Delay
                0x08003274       0x48 ./Drivers/STM32F4xx_HAL_Driver/Src/stm32f4xx_hal.o
                0x08003274                HAL_Delay
 .text.__NVIC_SetPriorityGrouping
                0x080032bc       0x48 ./Drivers/STM32F4xx_HAL_Driver/Src/stm32f4xx_hal_cortex.o
 .text.__NVIC_GetPriorityGrouping
                0x08003304       0x1c ./Drivers/STM32F4xx_HAL_Driver/Src/stm32f4xx_hal_cortex.o
 .text.__NVIC_EnableIRQ
                0x08003320       0x3c ./Drivers/STM32F4xx_HAL_Driver/Src/stm32f4xx_hal_cortex.o
 .text.__NVIC_SetPriority
                0x0800335c       0x54 ./Drivers/STM32F4xx_HAL_Driver/Src/stm32f4xx_hal_cortex.o
 .text.NVIC_EncodePriority
                0x080033b0       0x66 ./Drivers/STM32F4xx_HAL_Driver/Src/stm32f4xx_hal_cortex.o
 .text.HAL_NVIC_SetPriorityGrouping
                0x08003416       0x16 ./Drivers/STM32F4xx_HAL_Driver/Src/stm32f4xx_hal_cortex.o
                0x08003416                HAL_NVIC_SetPriorityGrouping
 .text.HAL_NVIC_SetPriority
                0x0800342c       0x38 ./Drivers/STM32F4xx_HAL_Driver/Src/stm32f4xx_hal_cortex.o
                0x0800342c                HAL_NVIC_SetPriority
 .text.HAL_NVIC_EnableIRQ
                0x08003464       0x1c ./Drivers/STM32F4xx_HAL_Driver/Src/stm32f4xx_hal_cortex.o
                0x08003464                HAL_NVIC_EnableIRQ
 .text.HAL_DMA_Abort
                0x08003480       0xe0 ./Drivers/STM32F4xx_HAL_Driver/Src/stm32f4xx_hal_dma.o
                0x08003480                HAL_DMA_Abort
 .text.HAL_DMA_Abort_IT
                0x08003560       0x44 ./Drivers/STM32F4xx_HAL_Driver/Src/stm32f4xx_hal_dma.o
                0x08003560                HAL_DMA_Abort_IT
 .text.HAL_GPIO_Init
                0x080035a4      0x308 ./Drivers/STM32F4xx_HAL_Driver/Src/stm32f4xx_hal_gpio.o
                0x080035a4                HAL_GPIO_Init
 .text.HAL_GPIO_ReadPin
                0x080038ac       0x30 ./Drivers/STM32F4xx_HAL_Driver/Src/stm32f4xx_hal_gpio.o
                0x080038ac                HAL_GPIO_ReadPin
 .text.HAL_GPIO_WritePin
                0x080038dc       0x32 ./Drivers/STM32F4xx_HAL_Driver/Src/stm32f4xx_hal_gpio.o
                0x080038dc                HAL_GPIO_WritePin
 *fill*         0x0800390e        0x2 
 .text.HAL_GPIO_EXTI_IRQHandler
                0x08003910       0x30 ./Drivers/STM32F4xx_HAL_Driver/Src/stm32f4xx_hal_gpio.o
                0x08003910                HAL_GPIO_EXTI_IRQHandler
 .text.HAL_I2C_Init
                0x08003940      0x288 ./Drivers/STM32F4xx_HAL_Driver/Src/stm32f4xx_hal_i2c.o
                0x08003940                HAL_I2C_Init
 .text.HAL_RCC_OscConfig
                0x08003bc8      0x4f0 ./Drivers/STM32F4xx_HAL_Driver/Src/stm32f4xx_hal_rcc.o
                0x08003bc8                HAL_RCC_OscConfig
 .text.HAL_RCC_ClockConfig
                0x080040b8      0x1cc ./Drivers/STM32F4xx_HAL_Driver/Src/stm32f4xx_hal_rcc.o
                0x080040b8                HAL_RCC_ClockConfig
 .text.HAL_RCC_GetSysClockFreq
                0x08004284      0x188 ./Drivers/STM32F4xx_HAL_Driver/Src/stm32f4xx_hal_rcc.o
                0x08004284                HAL_RCC_GetSysClockFreq
 .text.HAL_RCC_GetHCLKFreq
                0x0800440c       0x18 ./Drivers/STM32F4xx_HAL_Driver/Src/stm32f4xx_hal_rcc.o
                0x0800440c                HAL_RCC_GetHCLKFreq
 .text.HAL_RCC_GetPCLK1Freq
                0x08004424       0x28 ./Drivers/STM32F4xx_HAL_Driver/Src/stm32f4xx_hal_rcc.o
                0x08004424                HAL_RCC_GetPCLK1Freq
 .text.HAL_RCC_GetPCLK2Freq
                0x0800444c       0x28 ./Drivers/STM32F4xx_HAL_Driver/Src/stm32f4xx_hal_rcc.o
                0x0800444c                HAL_RCC_GetPCLK2Freq
 .text.HAL_RCC_GetClockConfig
                0x08004474       0x64 ./Drivers/STM32F4xx_HAL_Driver/Src/stm32f4xx_hal_rcc.o
                0x08004474                HAL_RCC_GetClockConfig
 .text.HAL_SPI_Init
                0x080044d8      0x112 ./Drivers/STM32F4xx_HAL_Driver/Src/stm32f4xx_hal_spi.o
                0x080044d8                HAL_SPI_Init
 .text.HAL_SPI_Transmit
                0x080045ea      0x288 ./Drivers/STM32F4xx_HAL_Driver/Src/stm32f4xx_hal_spi.o
                0x080045ea                HAL_SPI_Transmit
 .text.HAL_SPI_TransmitReceive
                0x08004872      0x352 ./Drivers/STM32F4xx_HAL_Driver/Src/stm32f4xx_hal_spi.o
                0x08004872                HAL_SPI_TransmitReceive
 .text.SPI_WaitFlagStateUntilTimeout
                0x08004bc4      0x110 ./Drivers/STM32F4xx_HAL_Driver/Src/stm32f4xx_hal_spi.o
 .text.SPI_EndRxTxTransaction
                0x08004cd4       0xa8 ./Drivers/STM32F4xx_HAL_Driver/Src/stm32f4xx_hal_spi.o
 .text.HAL_TIM_Base_Init
                0x08004d7c       0x9e ./Drivers/STM32F4xx_HAL_Driver/Src/stm32f4xx_hal_tim.o
                0x08004d7c                HAL_TIM_Base_Init
 .text.HAL_TIM_Base_MspInit
                0x08004e1a       0x14 ./Drivers/STM32F4xx_HAL_Driver/Src/stm32f4xx_hal_tim.o
                0x08004e1a                HAL_TIM_Base_MspInit
 *fill*         0x08004e2e        0x2 
 .text.HAL_TIM_Base_Start_IT
                0x08004e30       0xc4 ./Drivers/STM32F4xx_HAL_Driver/Src/stm32f4xx_hal_tim.o
                0x08004e30                HAL_TIM_Base_Start_IT
 .text.HAL_TIM_PWM_Init
                0x08004ef4       0x9e ./Drivers/STM32F4xx_HAL_Driver/Src/stm32f4xx_hal_tim.o
                0x08004ef4                HAL_TIM_PWM_Init
 .text.HAL_TIM_IRQHandler
                0x08004f92      0x1e0 ./Drivers/STM32F4xx_HAL_Driver/Src/stm32f4xx_hal_tim.o
                0x08004f92                HAL_TIM_IRQHandler
 *fill*         0x08005172        0x2 
 .text.HAL_TIM_PWM_ConfigChannel
                0x08005174      0x184 ./Drivers/STM32F4xx_HAL_Driver/Src/stm32f4xx_hal_tim.o
                0x08005174                HAL_TIM_PWM_ConfigChannel
 .text.HAL_TIM_OC_DelayElapsedCallback
                0x080052f8       0x14 ./Drivers/STM32F4xx_HAL_Driver/Src/stm32f4xx_hal_tim.o
                0x080052f8                HAL_TIM_OC_DelayElapsedCallback
 .text.HAL_TIM_IC_CaptureCallback
                0x0800530c       0x14 ./Drivers/STM32F4xx_HAL_Driver/Src/stm32f4xx_hal_tim.o
                0x0800530c                HAL_TIM_IC_CaptureCallback
 .text.HAL_TIM_PWM_PulseFinishedCallback
                0x08005320       0x14 ./Drivers/STM32F4xx_HAL_Driver/Src/stm32f4xx_hal_tim.o
                0x08005320                HAL_TIM_PWM_PulseFinishedCallback
 .text.HAL_TIM_TriggerCallback
                0x08005334       0x14 ./Drivers/STM32F4xx_HAL_Driver/Src/stm32f4xx_hal_tim.o
                0x08005334                HAL_TIM_TriggerCallback
 .text.TIM_Base_SetConfig
                0x08005348      0x10c ./Drivers/STM32F4xx_HAL_Driver/Src/stm32f4xx_hal_tim.o
                0x08005348                TIM_Base_SetConfig
 .text.TIM_OC1_SetConfig
                0x08005454       0xcc ./Drivers/STM32F4xx_HAL_Driver/Src/stm32f4xx_hal_tim.o
 .text.TIM_OC2_SetConfig
                0x08005520       0xd8 ./Drivers/STM32F4xx_HAL_Driver/Src/stm32f4xx_hal_tim.o
                0x08005520                TIM_OC2_SetConfig
 .text.TIM_OC3_SetConfig
                0x080055f8       0xd4 ./Drivers/STM32F4xx_HAL_Driver/Src/stm32f4xx_hal_tim.o
 .text.TIM_OC4_SetConfig
                0x080056cc       0xa0 ./Drivers/STM32F4xx_HAL_Driver/Src/stm32f4xx_hal_tim.o
 .text.HAL_TIMEx_MasterConfigSynchronization
                0x0800576c       0xdc ./Drivers/STM32F4xx_HAL_Driver/Src/stm32f4xx_hal_tim_ex.o
                0x0800576c                HAL_TIMEx_MasterConfigSynchronization
 .text.HAL_TIMEx_ConfigBreakDeadTime
                0x08005848       0xa4 ./Drivers/STM32F4xx_HAL_Driver/Src/stm32f4xx_hal_tim_ex.o
                0x08005848                HAL_TIMEx_ConfigBreakDeadTime
 .text.HAL_TIMEx_CommutCallback
                0x080058ec       0x14 ./Drivers/STM32F4xx_HAL_Driver/Src/stm32f4xx_hal_tim_ex.o
                0x080058ec                HAL_TIMEx_CommutCallback
 .text.HAL_TIMEx_BreakCallback
                0x08005900       0x14 ./Drivers/STM32F4xx_HAL_Driver/Src/stm32f4xx_hal_tim_ex.o
                0x08005900                HAL_TIMEx_BreakCallback
 .text.HAL_UART_Init
                0x08005914       0xa0 ./Drivers/STM32F4xx_HAL_Driver/Src/stm32f4xx_hal_uart.o
                0x08005914                HAL_UART_Init
 .text.HAL_UART_Receive_IT
                0x080059b4       0x4a ./Drivers/STM32F4xx_HAL_Driver/Src/stm32f4xx_hal_uart.o
                0x080059b4                HAL_UART_Receive_IT
 *fill*         0x080059fe        0x2 
 .text.HAL_UART_IRQHandler
                0x08005a00      0x554 ./Drivers/STM32F4xx_HAL_Driver/Src/stm32f4xx_hal_uart.o
                0x08005a00                HAL_UART_IRQHandler
 .text.HAL_UART_TxCpltCallback
                0x08005f54       0x14 ./Drivers/STM32F4xx_HAL_Driver/Src/stm32f4xx_hal_uart.o
                0x08005f54                HAL_UART_TxCpltCallback
 .text.HAL_UART_ErrorCallback
                0x08005f68       0x14 ./Drivers/STM32F4xx_HAL_Driver/Src/stm32f4xx_hal_uart.o
                0x08005f68                HAL_UART_ErrorCallback
 .text.HAL_UARTEx_RxEventCallback
                0x08005f7c       0x18 ./Drivers/STM32F4xx_HAL_Driver/Src/stm32f4xx_hal_uart.o
                0x08005f7c                HAL_UARTEx_RxEventCallback
 .text.UART_Start_Receive_IT
                0x08005f94       0x74 ./Drivers/STM32F4xx_HAL_Driver/Src/stm32f4xx_hal_uart.o
                0x08005f94                UART_Start_Receive_IT
 .text.UART_EndRxTransfer
                0x08006008       0xc6 ./Drivers/STM32F4xx_HAL_Driver/Src/stm32f4xx_hal_uart.o
 .text.UART_DMAAbortOnError
                0x080060ce       0x22 ./Drivers/STM32F4xx_HAL_Driver/Src/stm32f4xx_hal_uart.o
 .text.UART_Transmit_IT
                0x080060f0       0xa0 ./Drivers/STM32F4xx_HAL_Driver/Src/stm32f4xx_hal_uart.o
 .text.UART_EndTransmit_IT
                0x08006190       0x30 ./Drivers/STM32F4xx_HAL_Driver/Src/stm32f4xx_hal_uart.o
 .text.UART_Receive_IT
                0x080061c0      0x17c ./Drivers/STM32F4xx_HAL_Driver/Src/stm32f4xx_hal_uart.o
 .text.UART_SetConfig
                0x0800633c      0x4e8 ./Drivers/STM32F4xx_HAL_Driver/Src/stm32f4xx_hal_uart.o
 .text.__NVIC_SetPriority
                0x08006824       0x54 ./Middlewares/Third_Party/FreeRTOS/Source/CMSIS_RTOS_V2/cmsis_os2.o
 .text.SysTick_Handler
                0x08006878       0x20 ./Middlewares/Third_Party/FreeRTOS/Source/CMSIS_RTOS_V2/cmsis_os2.o
                0x08006878                SysTick_Handler
 .text.SVC_Setup
                0x08006898       0x12 ./Middlewares/Third_Party/FreeRTOS/Source/CMSIS_RTOS_V2/cmsis_os2.o
 *fill*         0x080068aa        0x2 
 .text.osKernelInitialize
                0x080068ac       0x48 ./Middlewares/Third_Party/FreeRTOS/Source/CMSIS_RTOS_V2/cmsis_os2.o
                0x080068ac                osKernelInitialize
 .text.osKernelStart
                0x080068f4       0x4c ./Middlewares/Third_Party/FreeRTOS/Source/CMSIS_RTOS_V2/cmsis_os2.o
                0x080068f4                osKernelStart
 .text.osThreadNew
                0x08006940      0x124 ./Middlewares/Third_Party/FreeRTOS/Source/CMSIS_RTOS_V2/cmsis_os2.o
                0x08006940                osThreadNew
 .text.osDelay  0x08006a64       0x36 ./Middlewares/Third_Party/FreeRTOS/Source/CMSIS_RTOS_V2/cmsis_os2.o
                0x08006a64                osDelay
 .text.osSemaphoreNew
                0x08006a9a      0x112 ./Middlewares/Third_Party/FreeRTOS/Source/CMSIS_RTOS_V2/cmsis_os2.o
                0x08006a9a                osSemaphoreNew
 .text.osSemaphoreAcquire
                0x08006bac       0xa4 ./Middlewares/Third_Party/FreeRTOS/Source/CMSIS_RTOS_V2/cmsis_os2.o
                0x08006bac                osSemaphoreAcquire
 .text.osSemaphoreRelease
                0x08006c50       0x88 ./Middlewares/Third_Party/FreeRTOS/Source/CMSIS_RTOS_V2/cmsis_os2.o
                0x08006c50                osSemaphoreRelease
 .text.vApplicationGetIdleTaskMemory
                0x08006cd8       0x34 ./Middlewares/Third_Party/FreeRTOS/Source/CMSIS_RTOS_V2/cmsis_os2.o
                0x08006cd8                vApplicationGetIdleTaskMemory
 .text.vApplicationGetTimerTaskMemory
                0x08006d0c       0x34 ./Middlewares/Third_Party/FreeRTOS/Source/CMSIS_RTOS_V2/cmsis_os2.o
                0x08006d0c                vApplicationGetTimerTaskMemory
 .text.vListInitialise
                0x08006d40       0x40 ./Middlewares/Third_Party/FreeRTOS/Source/list.o
                0x08006d40                vListInitialise
 .text.vListInitialiseItem
                0x08006d80       0x1a ./Middlewares/Third_Party/FreeRTOS/Source/list.o
                0x08006d80                vListInitialiseItem
 .text.vListInsertEnd
                0x08006d9a       0x48 ./Middlewares/Third_Party/FreeRTOS/Source/list.o
                0x08006d9a                vListInsertEnd
 .text.vListInsert
                0x08006de2       0x72 ./Middlewares/Third_Party/FreeRTOS/Source/list.o
                0x08006de2                vListInsert
 .text.uxListRemove
                0x08006e54       0x54 ./Middlewares/Third_Party/FreeRTOS/Source/list.o
                0x08006e54                uxListRemove
 .text.xQueueGenericReset
                0x08006ea8       0xd4 ./Middlewares/Third_Party/FreeRTOS/Source/queue.o
                0x08006ea8                xQueueGenericReset
 .text.xQueueGenericCreateStatic
                0x08006f7c       0xfa ./Middlewares/Third_Party/FreeRTOS/Source/queue.o
                0x08006f7c                xQueueGenericCreateStatic
 .text.xQueueGenericCreate
                0x08007076       0x76 ./Middlewares/Third_Party/FreeRTOS/Source/queue.o
                0x08007076                xQueueGenericCreate
 .text.prvInitialiseNewQueue
                0x080070ec       0x46 ./Middlewares/Third_Party/FreeRTOS/Source/queue.o
 .text.xQueueCreateCountingSemaphoreStatic
                0x08007132       0x72 ./Middlewares/Third_Party/FreeRTOS/Source/queue.o
                0x08007132                xQueueCreateCountingSemaphoreStatic
 .text.xQueueCreateCountingSemaphore
                0x080071a4       0x6a ./Middlewares/Third_Party/FreeRTOS/Source/queue.o
                0x080071a4                xQueueCreateCountingSemaphore
 *fill*         0x0800720e        0x2 
 .text.xQueueGenericSend
                0x08007210      0x204 ./Middlewares/Third_Party/FreeRTOS/Source/queue.o
                0x08007210                xQueueGenericSend
 .text.xQueueGenericSendFromISR
                0x08007414      0x13c ./Middlewares/Third_Party/FreeRTOS/Source/queue.o
                0x08007414                xQueueGenericSendFromISR
 .text.xQueueGiveFromISR
                0x08007550      0x120 ./Middlewares/Third_Party/FreeRTOS/Source/queue.o
                0x08007550                xQueueGiveFromISR
 .text.xQueueReceive
                0x08007670      0x1c4 ./Middlewares/Third_Party/FreeRTOS/Source/queue.o
                0x08007670                xQueueReceive
 .text.xQueueSemaphoreTake
                0x08007834      0x220 ./Middlewares/Third_Party/FreeRTOS/Source/queue.o
                0x08007834                xQueueSemaphoreTake
 .text.xQueueReceiveFromISR
                0x08007a54      0x104 ./Middlewares/Third_Party/FreeRTOS/Source/queue.o
                0x08007a54                xQueueReceiveFromISR
 .text.vQueueDelete
                0x08007b58       0x48 ./Middlewares/Third_Party/FreeRTOS/Source/queue.o
                0x08007b58                vQueueDelete
 .text.prvGetDisinheritPriorityAfterTimeout
                0x08007ba0       0x30 ./Middlewares/Third_Party/FreeRTOS/Source/queue.o
 .text.prvCopyDataToQueue
                0x08007bd0       0xd4 ./Middlewares/Third_Party/FreeRTOS/Source/queue.o
 .text.prvCopyDataFromQueue
                0x08007ca4       0x4c ./Middlewares/Third_Party/FreeRTOS/Source/queue.o
 .text.prvUnlockQueue
                0x08007cf0       0xa4 ./Middlewares/Third_Party/FreeRTOS/Source/queue.o
 .text.prvIsQueueEmpty
                0x08007d94       0x2c ./Middlewares/Third_Party/FreeRTOS/Source/queue.o
 .text.prvIsQueueFull
                0x08007dc0       0x30 ./Middlewares/Third_Party/FreeRTOS/Source/queue.o
 .text.vQueueAddToRegistry
                0x08007df0       0x54 ./Middlewares/Third_Party/FreeRTOS/Source/queue.o
                0x08007df0                vQueueAddToRegistry
 .text.vQueueUnregisterQueue
                0x08007e44       0x54 ./Middlewares/Third_Party/FreeRTOS/Source/queue.o
                0x08007e44                vQueueUnregisterQueue
 .text.vQueueWaitForMessageRestricted
                0x08007e98       0x68 ./Middlewares/Third_Party/FreeRTOS/Source/queue.o
                0x08007e98                vQueueWaitForMessageRestricted
 .text.xTaskCreateStatic
                0x08007f00       0xc0 ./Middlewares/Third_Party/FreeRTOS/Source/tasks.o
                0x08007f00                xTaskCreateStatic
 .text.xTaskCreate
                0x08007fc0       0x8a ./Middlewares/Third_Party/FreeRTOS/Source/tasks.o
                0x08007fc0                xTaskCreate
 *fill*         0x0800804a        0x2 
 .text.prvInitialiseNewTask
                0x0800804c      0x150 ./Middlewares/Third_Party/FreeRTOS/Source/tasks.o
 .text.prvAddNewTaskToReadyList
                0x0800819c       0xe0 ./Middlewares/Third_Party/FreeRTOS/Source/tasks.o
 .text.vTaskDelay
                0x0800827c       0x6c ./Middlewares/Third_Party/FreeRTOS/Source/tasks.o
                0x0800827c                vTaskDelay
 .text.vTaskStartScheduler
                0x080082e8       0xe0 ./Middlewares/Third_Party/FreeRTOS/Source/tasks.o
                0x080082e8                vTaskStartScheduler
 .text.vTaskSuspendAll
                0x080083c8       0x1c ./Middlewares/Third_Party/FreeRTOS/Source/tasks.o
                0x080083c8                vTaskSuspendAll
 .text.xTaskResumeAll
                0x080083e4      0x13c ./Middlewares/Third_Party/FreeRTOS/Source/tasks.o
                0x080083e4                xTaskResumeAll
 .text.xTaskGetTickCount
                0x08008520       0x20 ./Middlewares/Third_Party/FreeRTOS/Source/tasks.o
                0x08008520                xTaskGetTickCount
 .text.xTaskIncrementTick
                0x08008540      0x174 ./Middlewares/Third_Party/FreeRTOS/Source/tasks.o
                0x08008540                xTaskIncrementTick
 .text.vTaskSwitchContext
                0x080086b4       0xcc ./Middlewares/Third_Party/FreeRTOS/Source/tasks.o
                0x080086b4                vTaskSwitchContext
 .text.vTaskPlaceOnEventList
                0x08008780       0x4c ./Middlewares/Third_Party/FreeRTOS/Source/tasks.o
                0x08008780                vTaskPlaceOnEventList
 .text.vTaskPlaceOnEventListRestricted
                0x080087cc       0x58 ./Middlewares/Third_Party/FreeRTOS/Source/tasks.o
                0x080087cc                vTaskPlaceOnEventListRestricted
 .text.xTaskRemoveFromEventList
                0x08008824       0xc8 ./Middlewares/Third_Party/FreeRTOS/Source/tasks.o
                0x08008824                xTaskRemoveFromEventList
 .text.vTaskInternalSetTimeOutState
                0x080088ec       0x2c ./Middlewares/Third_Party/FreeRTOS/Source/tasks.o
                0x080088ec                vTaskInternalSetTimeOutState
 .text.xTaskCheckForTimeOut
                0x08008918       0xc8 ./Middlewares/Third_Party/FreeRTOS/Source/tasks.o
                0x08008918                xTaskCheckForTimeOut
 .text.vTaskMissedYield
                0x080089e0       0x18 ./Middlewares/Third_Party/FreeRTOS/Source/tasks.o
                0x080089e0                vTaskMissedYield
 .text.prvIdleTask
                0x080089f8       0x30 ./Middlewares/Third_Party/FreeRTOS/Source/tasks.o
 .text.prvInitialiseTaskLists
                0x08008a28       0x80 ./Middlewares/Third_Party/FreeRTOS/Source/tasks.o
 .text.prvCheckTasksWaitingTermination
                0x08008aa8       0x5c ./Middlewares/Third_Party/FreeRTOS/Source/tasks.o
 .text.prvDeleteTCB
                0x08008b04       0x6a ./Middlewares/Third_Party/FreeRTOS/Source/tasks.o
 *fill*         0x08008b6e        0x2 
 .text.prvResetNextTaskUnblockTime
                0x08008b70       0x40 ./Middlewares/Third_Party/FreeRTOS/Source/tasks.o
 .text.xTaskGetSchedulerState
                0x08008bb0       0x3c ./Middlewares/Third_Party/FreeRTOS/Source/tasks.o
                0x08008bb0                xTaskGetSchedulerState
 .text.xTaskPriorityInherit
                0x08008bec       0xd0 ./Middlewares/Third_Party/FreeRTOS/Source/tasks.o
                0x08008bec                xTaskPriorityInherit
 .text.xTaskPriorityDisinherit
                0x08008cbc       0xe0 ./Middlewares/Third_Party/FreeRTOS/Source/tasks.o
                0x08008cbc                xTaskPriorityDisinherit
 .text.vTaskPriorityDisinheritAfterTimeout
                0x08008d9c      0x108 ./Middlewares/Third_Party/FreeRTOS/Source/tasks.o
                0x08008d9c                vTaskPriorityDisinheritAfterTimeout
 .text.pvTaskIncrementMutexHeldCount
                0x08008ea4       0x28 ./Middlewares/Third_Party/FreeRTOS/Source/tasks.o
                0x08008ea4                pvTaskIncrementMutexHeldCount
 .text.prvAddCurrentTaskToDelayedList
                0x08008ecc       0xa8 ./Middlewares/Third_Party/FreeRTOS/Source/tasks.o
 .text.xTimerCreateTimerTask
                0x08008f74       0x94 ./Middlewares/Third_Party/FreeRTOS/Source/timers.o
                0x08008f74                xTimerCreateTimerTask
 .text.xTimerGenericCommand
                0x08009008       0x9c ./Middlewares/Third_Party/FreeRTOS/Source/timers.o
                0x08009008                xTimerGenericCommand
 .text.prvProcessExpiredTimer
                0x080090a4       0x9c ./Middlewares/Third_Party/FreeRTOS/Source/timers.o
 .text.prvTimerTask
                0x08009140       0x26 ./Middlewares/Third_Party/FreeRTOS/Source/timers.o
 *fill*         0x08009166        0x2 
 .text.prvProcessTimerOrBlockTask
                0x08009168       0x9c ./Middlewares/Third_Party/FreeRTOS/Source/timers.o
 .text.prvGetNextExpireTime
                0x08009204       0x48 ./Middlewares/Third_Party/FreeRTOS/Source/timers.o
 .text.prvSampleTimeNow
                0x0800924c       0x40 ./Middlewares/Third_Party/FreeRTOS/Source/timers.o
 .text.prvInsertTimerInActiveList
                0x0800928c       0x84 ./Middlewares/Third_Party/FreeRTOS/Source/timers.o
 .text.prvProcessReceivedCommands
                0x08009310      0x1cc ./Middlewares/Third_Party/FreeRTOS/Source/timers.o
 .text.prvSwitchTimerLists
                0x080094dc       0xcc ./Middlewares/Third_Party/FreeRTOS/Source/timers.o
 .text.prvCheckForValidListAndQueue
                0x080095a8       0x80 ./Middlewares/Third_Party/FreeRTOS/Source/timers.o
 .text.pxPortInitialiseStack
                0x08009628       0x68 ./Middlewares/Third_Party/FreeRTOS/Source/portable/GCC/ARM_CM4F/port.o
                0x08009628                pxPortInitialiseStack
 .text.prvTaskExitError
                0x08009690       0x5c ./Middlewares/Third_Party/FreeRTOS/Source/portable/GCC/ARM_CM4F/port.o
 *fill*         0x080096ec        0x4 
 .text.SVC_Handler
                0x080096f0       0x28 ./Middlewares/Third_Party/FreeRTOS/Source/portable/GCC/ARM_CM4F/port.o
                0x080096f0                SVC_Handler
 .text.prvPortStartFirstTask
                0x08009718       0x28 ./Middlewares/Third_Party/FreeRTOS/Source/portable/GCC/ARM_CM4F/port.o
 .text.xPortStartScheduler
                0x08009740      0x148 ./Middlewares/Third_Party/FreeRTOS/Source/portable/GCC/ARM_CM4F/port.o
                0x08009740                xPortStartScheduler
 .text.vPortEnterCritical
                0x08009888       0x64 ./Middlewares/Third_Party/FreeRTOS/Source/portable/GCC/ARM_CM4F/port.o
                0x08009888                vPortEnterCritical
 .text.vPortExitCritical
                0x080098ec       0x54 ./Middlewares/Third_Party/FreeRTOS/Source/portable/GCC/ARM_CM4F/port.o
                0x080098ec                vPortExitCritical
 .text.PendSV_Handler
                0x08009940       0x68 ./Middlewares/Third_Party/FreeRTOS/Source/portable/GCC/ARM_CM4F/port.o
                0x08009940                PendSV_Handler
 .text.xPortSysTickHandler
                0x080099a8       0x44 ./Middlewares/Third_Party/FreeRTOS/Source/portable/GCC/ARM_CM4F/port.o
                0x080099a8                xPortSysTickHandler
 .text.vPortSetupTimerInterrupt
                0x080099ec       0x48 ./Middlewares/Third_Party/FreeRTOS/Source/portable/GCC/ARM_CM4F/port.o
                0x080099ec                vPortSetupTimerInterrupt
 .text.vPortEnableVFP
                0x08009a34       0x14 ./Middlewares/Third_Party/FreeRTOS/Source/portable/GCC/ARM_CM4F/port.o
 .text.vPortValidateInterruptPriority
                0x08009a48       0x84 ./Middlewares/Third_Party/FreeRTOS/Source/portable/GCC/ARM_CM4F/port.o
                0x08009a48                vPortValidateInterruptPriority
 .text.pvPortMalloc
                0x08009acc      0x19c ./Middlewares/Third_Party/FreeRTOS/Source/portable/MemMang/heap_4.o
                0x08009acc                pvPortMalloc
 .text.vPortFree
                0x08009c68       0xc8 ./Middlewares/Third_Party/FreeRTOS/Source/portable/MemMang/heap_4.o
                0x08009c68                vPortFree
 .text.prvHeapInit
                0x08009d30       0xc4 ./Middlewares/Third_Party/FreeRTOS/Source/portable/MemMang/heap_4.o
 .text.prvInsertBlockIntoFreeList
                0x08009df4       0xb4 ./Middlewares/Third_Party/FreeRTOS/Source/portable/MemMang/heap_4.o
 .text.snprintf
                0x08009ea8       0x6c C:/ST/STM32CubeIDE_2.1.1/STM32CubeIDE/plugins/com.st.stm32cube.ide.mcu.externaltools.gnu-tools-for-stm32.14.3.rel1.win32_1.0.100.202602081740/tools/bin/../lib/gcc/arm-none-eabi/14.3.1/../../../../arm-none-eabi/lib/thumb/v7e-m+fp/hard\libc_nano.a(libc_a-snprintf.o)
                0x08009ea8                sniprintf
                0x08009ea8                snprintf
 .text.memset   0x08009f14       0x10 C:/ST/STM32CubeIDE_2.1.1/STM32CubeIDE/plugins/com.st.stm32cube.ide.mcu.externaltools.gnu-tools-for-stm32.14.3.rel1.win32_1.0.100.202602081740/tools/bin/../lib/gcc/arm-none-eabi/14.3.1/../../../../arm-none-eabi/lib/thumb/v7e-m+fp/hard\libc_nano.a(libc_a-memset.o)
                0x08009f14                memset
 .text._reclaim_reent
                0x08009f24       0xbc C:/ST/STM32CubeIDE_2.1.1/STM32CubeIDE/plugins/com.st.stm32cube.ide.mcu.externaltools.gnu-tools-for-stm32.14.3.rel1.win32_1.0.100.202602081740/tools/bin/../lib/gcc/arm-none-eabi/14.3.1/../../../../arm-none-eabi/lib/thumb/v7e-m+fp/hard\libc_nano.a(libc_a-reent.o)
                0x08009f24                _reclaim_reent
 .text.__errno  0x08009fe0        0xc C:/ST/STM32CubeIDE_2.1.1/STM32CubeIDE/plugins/com.st.stm32cube.ide.mcu.externaltools.gnu-tools-for-stm32.14.3.rel1.win32_1.0.100.202602081740/tools/bin/../lib/gcc/arm-none-eabi/14.3.1/../../../../arm-none-eabi/lib/thumb/v7e-m+fp/hard\libc_nano.a(libc_a-errno.o)
                0x08009fe0                __errno
 .text.__libc_init_array
                0x08009fec       0x48 C:/ST/STM32CubeIDE_2.1.1/STM32CubeIDE/plugins/com.st.stm32cube.ide.mcu.externaltools.gnu-tools-for-stm32.14.3.rel1.win32_1.0.100.202602081740/tools/bin/../lib/gcc/arm-none-eabi/14.3.1/../../../../arm-none-eabi/lib/thumb/v7e-m+fp/hard\libc_nano.a(libc_a-init.o)
                0x08009fec                __libc_init_array
 .text.__retarget_lock_acquire_recursive
                0x0800a034        0x2 C:/ST/STM32CubeIDE_2.1.1/STM32CubeIDE/plugins/com.st.stm32cube.ide.mcu.externaltools.gnu-tools-for-stm32.14.3.rel1.win32_1.0.100.202602081740/tools/bin/../lib/gcc/arm-none-eabi/14.3.1/../../../../arm-none-eabi/lib/thumb/v7e-m+fp/hard\libc_nano.a(libc_a-lock.o)
                0x0800a034                __retarget_lock_acquire_recursive
 .text.__retarget_lock_release_recursive
                0x0800a036        0x2 C:/ST/STM32CubeIDE_2.1.1/STM32CubeIDE/plugins/com.st.stm32cube.ide.mcu.externaltools.gnu-tools-for-stm32.14.3.rel1.win32_1.0.100.202602081740/tools/bin/../lib/gcc/arm-none-eabi/14.3.1/../../../../arm-none-eabi/lib/thumb/v7e-m+fp/hard\libc_nano.a(libc_a-lock.o)
                0x0800a036                __retarget_lock_release_recursive
 .text.memcpy   0x0800a038       0x1c C:/ST/STM32CubeIDE_2.1.1/STM32CubeIDE/plugins/com.st.stm32cube.ide.mcu.externaltools.gnu-tools-for-stm32.14.3.rel1.win32_1.0.100.202602081740/tools/bin/../lib/gcc/arm-none-eabi/14.3.1/../../../../arm-none-eabi/lib/thumb/v7e-m+fp/hard\libc_nano.a(libc_a-memcpy-stub.o)
                0x0800a038                memcpy
 .text._free_r  0x0800a054       0x94 C:/ST/STM32CubeIDE_2.1.1/STM32CubeIDE/plugins/com.st.stm32cube.ide.mcu.externaltools.gnu-tools-for-stm32.14.3.rel1.win32_1.0.100.202602081740/tools/bin/../lib/gcc/arm-none-eabi/14.3.1/../../../../arm-none-eabi/lib/thumb/v7e-m+fp/hard\libc_nano.a(libc_a-freer.o)
                0x0800a054                _free_r
 .text.sbrk_aligned
                0x0800a0e8       0x44 C:/ST/STM32CubeIDE_2.1.1/STM32CubeIDE/plugins/com.st.stm32cube.ide.mcu.externaltools.gnu-tools-for-stm32.14.3.rel1.win32_1.0.100.202602081740/tools/bin/../lib/gcc/arm-none-eabi/14.3.1/../../../../arm-none-eabi/lib/thumb/v7e-m+fp/hard\libc_nano.a(libc_a-mallocr.o)
 .text._malloc_r
                0x0800a12c      0x100 C:/ST/STM32CubeIDE_2.1.1/STM32CubeIDE/plugins/com.st.stm32cube.ide.mcu.externaltools.gnu-tools-for-stm32.14.3.rel1.win32_1.0.100.202602081740/tools/bin/../lib/gcc/arm-none-eabi/14.3.1/../../../../arm-none-eabi/lib/thumb/v7e-m+fp/hard\libc_nano.a(libc_a-mallocr.o)
                0x0800a12c                _malloc_r
 .text.__malloc_lock
                0x0800a22c        0xc C:/ST/STM32CubeIDE_2.1.1/STM32CubeIDE/plugins/com.st.stm32cube.ide.mcu.externaltools.gnu-tools-for-stm32.14.3.rel1.win32_1.0.100.202602081740/tools/bin/../lib/gcc/arm-none-eabi/14.3.1/../../../../arm-none-eabi/lib/thumb/v7e-m+fp/hard\libc_nano.a(libc_a-mlock.o)
                0x0800a22c                __malloc_lock
 .text.__malloc_unlock
                0x0800a238        0xc C:/ST/STM32CubeIDE_2.1.1/STM32CubeIDE/plugins/com.st.stm32cube.ide.mcu.externaltools.gnu-tools-for-stm32.14.3.rel1.win32_1.0.100.202602081740/tools/bin/../lib/gcc/arm-none-eabi/14.3.1/../../../../arm-none-eabi/lib/thumb/v7e-m+fp/hard\libc_nano.a(libc_a-mlock.o)
                0x0800a238                __malloc_unlock
 .text.__ssputs_r
                0x0800a244       0xc0 C:/ST/STM32CubeIDE_2.1.1/STM32CubeIDE/plugins/com.st.stm32cube.ide.mcu.externaltools.gnu-tools-for-stm32.14.3.rel1.win32_1.0.100.202602081740/tools/bin/../lib/gcc/arm-none-eabi/14.3.1/../../../../arm-none-eabi/lib/thumb/v7e-m+fp/hard\libc_nano.a(libc_a-nano-svfprintf.o)
                0x0800a244                __ssputs_r
 .text._svfprintf_r
                0x0800a304      0x1f0 C:/ST/STM32CubeIDE_2.1.1/STM32CubeIDE/plugins/com.st.stm32cube.ide.mcu.externaltools.gnu-tools-for-stm32.14.3.rel1.win32_1.0.100.202602081740/tools/bin/../lib/gcc/arm-none-eabi/14.3.1/../../../../arm-none-eabi/lib/thumb/v7e-m+fp/hard\libc_nano.a(libc_a-nano-svfprintf.o)
                0x0800a304                _svfiprintf_r
                0x0800a304                _svfprintf_r
 .text._printf_common
                0x0800a4f4       0xda C:/ST/STM32CubeIDE_2.1.1/STM32CubeIDE/plugins/com.st.stm32cube.ide.mcu.externaltools.gnu-tools-for-stm32.14.3.rel1.win32_1.0.100.202602081740/tools/bin/../lib/gcc/arm-none-eabi/14.3.1/../../../../arm-none-eabi/lib/thumb/v7e-m+fp/hard\libc_nano.a(libc_a-nano-vfprintf_i.o)
                0x0800a4f4                _printf_common
 *fill*         0x0800a5ce        0x2 
 .text._printf_i
                0x0800a5d0      0x24c C:/ST/STM32CubeIDE_2.1.1/STM32CubeIDE/plugins/com.st.stm32cube.ide.mcu.externaltools.gnu-tools-for-stm32.14.3.rel1.win32_1.0.100.202602081740/tools/bin/../lib/gcc/arm-none-eabi/14.3.1/../../../../arm-none-eabi/lib/thumb/v7e-m+fp/hard\libc_nano.a(libc_a-nano-vfprintf_i.o)
                0x0800a5d0                _printf_i
 .text.memmove  0x0800a81c       0x32 C:/ST/STM32CubeIDE_2.1.1/STM32CubeIDE/plugins/com.st.stm32cube.ide.mcu.externaltools.gnu-tools-for-stm32.14.3.rel1.win32_1.0.100.202602081740/tools/bin/../lib/gcc/arm-none-eabi/14.3.1/../../../../arm-none-eabi/lib/thumb/v7e-m+fp/hard\libc_nano.a(libc_a-memmove.o)
                0x0800a81c                memmove
 *fill*         0x0800a84e        0x2 
 .text._sbrk_r  0x0800a850       0x20 C:/ST/STM32CubeIDE_2.1.1/STM32CubeIDE/plugins/com.st.stm32cube.ide.mcu.externaltools.gnu-tools-for-stm32.14.3.rel1.win32_1.0.100.202602081740/tools/bin/../lib/gcc/arm-none-eabi/14.3.1/../../../../arm-none-eabi/lib/thumb/v7e-m+fp/hard\libc_nano.a(libc_a-sbrkr.o)
                0x0800a850                _sbrk_r
 .text._realloc_r
                0x0800a870       0x5c C:/ST/STM32CubeIDE_2.1.1/STM32CubeIDE/plugins/com.st.stm32cube.ide.mcu.externaltools.gnu-tools-for-stm32.14.3.rel1.win32_1.0.100.202602081740/tools/bin/../lib/gcc/arm-none-eabi/14.3.1/../../../../arm-none-eabi/lib/thumb/v7e-m+fp/hard\libc_nano.a(libc_a-reallocr.o)
                0x0800a870                _realloc_r
 .text._malloc_usable_size_r
                0x0800a8cc       0x10 C:/ST/STM32CubeIDE_2.1.1/STM32CubeIDE/plugins/com.st.stm32cube.ide.mcu.externaltools.gnu-tools-for-stm32.14.3.rel1.win32_1.0.100.202602081740/tools/bin/../lib/gcc/arm-none-eabi/14.3.1/../../../../arm-none-eabi/lib/thumb/v7e-m+fp/hard\libc_nano.a(libc_a-msizer.o)
                0x0800a8cc                _malloc_usable_size_r
 *(.glue_7)
 .glue_7        0x0800a8dc        0x0 linker stubs
 *(.glue_7t)
 .glue_7t       0x0800a8dc        0x0 linker stubs
 *(.eh_frame)
 .eh_frame      0x0800a8dc        0x0 C:/ST/STM32CubeIDE_2.1.1/STM32CubeIDE/plugins/com.st.stm32cube.ide.mcu.externaltools.gnu-tools-for-stm32.14.3.rel1.win32_1.0.100.202602081740/tools/bin/../lib/gcc/arm-none-eabi/14.3.1/thumb/v7e-m+fp/hard/crtbegin.o
 *(.init)
 .init          0x0800a8dc        0x4 C:/ST/STM32CubeIDE_2.1.1/STM32CubeIDE/plugins/com.st.stm32cube.ide.mcu.externaltools.gnu-tools-for-stm32.14.3.rel1.win32_1.0.100.202602081740/tools/bin/../lib/gcc/arm-none-eabi/14.3.1/thumb/v7e-m+fp/hard/crti.o
                0x0800a8dc                _init
 .init          0x0800a8e0        0x8 C:/ST/STM32CubeIDE_2.1.1/STM32CubeIDE/plugins/com.st.stm32cube.ide.mcu.externaltools.gnu-tools-for-stm32.14.3.rel1.win32_1.0.100.202602081740/tools/bin/../lib/gcc/arm-none-eabi/14.3.1/thumb/v7e-m+fp/hard/crtn.o
 *(.fini)
 .fini          0x0800a8e8        0x4 C:/ST/STM32CubeIDE_2.1.1/STM32CubeIDE/plugins/com.st.stm32cube.ide.mcu.externaltools.gnu-tools-for-stm32.14.3.rel1.win32_1.0.100.202602081740/tools/bin/../lib/gcc/arm-none-eabi/14.3.1/thumb/v7e-m+fp/hard/crti.o
                0x0800a8e8                _fini
 .fini          0x0800a8ec        0x8 C:/ST/STM32CubeIDE_2.1.1/STM32CubeIDE/plugins/com.st.stm32cube.ide.mcu.externaltools.gnu-tools-for-stm32.14.3.rel1.win32_1.0.100.202602081740/tools/bin/../lib/gcc/arm-none-eabi/14.3.1/thumb/v7e-m+fp/hard/crtn.o
                0x0800a8f4                        . = ALIGN (0x4)
                0x0800a8f4                        _etext = .

.vfp11_veneer   0x0800a8f4        0x0
 .vfp11_veneer  0x0800a8f4        0x0 linker stubs

.v4_bx          0x0800a8f4        0x0
 .v4_bx         0x0800a8f4        0x0 linker stubs

.iplt           0x0800a8f4        0x0
 .iplt          0x0800a8f4        0x0 C:/ST/STM32CubeIDE_2.1.1/STM32CubeIDE/plugins/com.st.stm32cube.ide.mcu.externaltools.gnu-tools-for-stm32.14.3.rel1.win32_1.0.100.202602081740/tools/bin/../lib/gcc/arm-none-eabi/14.3.1/thumb/v7e-m+fp/hard/crtbegin.o

.rodata         0x0800a8f4      0x820
                0x0800a8f4                        . = ALIGN (0x4)
 *(.rodata)
 .rodata        0x0800a8f4      0x1fb ./Core/Src/main.o
 *fill*         0x0800aaef        0x1 
 .rodata        0x0800aaf0        0x5 ./Middlewares/Third_Party/FreeRTOS/Source/tasks.o
 *fill*         0x0800aaf5        0x3 
 .rodata        0x0800aaf8        0xd ./Middlewares/Third_Party/FreeRTOS/Source/timers.o
 *(.rodata*)
 *fill*         0x0800ab05        0x3 
 .rodata.ili9341_init_cmds
                0x0800ab08       0x6c ./App/LCD/ILI9341.o
 .rodata.glcdfont
                0x0800ab74      0x4fb ./App/LCD/glcdfont.o
                0x0800ab74                glcdfont
 *fill*         0x0800b06f        0x1 
 .rodata.defaultTask_attributes
                0x0800b070       0x24 ./Core/Src/main.o
                0x0800b070                defaultTask_attributes
 .rodata.lcdTask_attributes
                0x0800b094       0x24 ./Core/Src/main.o
                0x0800b094                lcdTask_attributes
 .rodata.touchSem_attributes
                0x0800b0b8       0x10 ./Core/Src/main.o
                0x0800b0b8                touchSem_attributes
 .rodata.AHBPrescTable
                0x0800b0c8       0x10 ./Core/Src/system_stm32f4xx.o
                0x0800b0c8                AHBPrescTable
 .rodata.APBPrescTable
                0x0800b0d8        0x8 ./Core/Src/system_stm32f4xx.o
                0x0800b0d8                APBPrescTable
 .rodata._svfprintf_r.str1.1
                0x0800b0e0       0x33 C:/ST/STM32CubeIDE_2.1.1/STM32CubeIDE/plugins/com.st.stm32cube.ide.mcu.externaltools.gnu-tools-for-stm32.14.3.rel1.win32_1.0.100.202602081740/tools/bin/../lib/gcc/arm-none-eabi/14.3.1/../../../../arm-none-eabi/lib/thumb/v7e-m+fp/hard\libc_nano.a(libc_a-nano-svfprintf.o)
                                 0x11 (size before relaxing)
 .rodata._printf_i.str1.1
                0x0800b113       0x22 C:/ST/STM32CubeIDE_2.1.1/STM32CubeIDE/plugins/com.st.stm32cube.ide.mcu.externaltools.gnu-tools-for-stm32.14.3.rel1.win32_1.0.100.202602081740/tools/bin/../lib/gcc/arm-none-eabi/14.3.1/../../../../arm-none-eabi/lib/thumb/v7e-m+fp/hard\libc_nano.a(libc_a-nano-vfprintf_i.o)
                0x0800b138                        . = ALIGN (0x4)
 *fill*         0x0800b113        0x1 

.ARM.extab      0x0800b114        0x0
                0x0800b114                        . = ALIGN (0x4)
 *(.ARM.extab* .gnu.linkonce.armextab.*)
                0x0800b114                        . = ALIGN (0x4)

.ARM            0x0800b114        0x8
                0x0800b114                        . = ALIGN (0x4)
                0x0800b114                        __exidx_start = .
 *(.ARM.exidx*)
 .ARM.exidx     0x0800b114        0x8 C:/ST/STM32CubeIDE_2.1.1/STM32CubeIDE/plugins/com.st.stm32cube.ide.mcu.externaltools.gnu-tools-for-stm32.14.3.rel1.win32_1.0.100.202602081740/tools/bin/../lib/gcc/arm-none-eabi/14.3.1/../../../../arm-none-eabi/lib/thumb/v7e-m+fp/hard\libc_nano.a(libc_a-strlen.o)
 .ARM.exidx     0x0800b11c        0x0 C:/ST/STM32CubeIDE_2.1.1/STM32CubeIDE/plugins/com.st.stm32cube.ide.mcu.externaltools.gnu-tools-for-stm32.14.3.rel1.win32_1.0.100.202602081740/tools/bin/../lib/gcc/arm-none-eabi/14.3.1/../../../../arm-none-eabi/lib/thumb/v7e-m+fp/hard\libc_nano.a(libc_a-memchr.o)
                                  0x8 (size before relaxing)
 .ARM.exidx     0x0800b11c        0x0 C:/ST/STM32CubeIDE_2.1.1/STM32CubeIDE/plugins/com.st.stm32cube.ide.mcu.externaltools.gnu-tools-for-stm32.14.3.rel1.win32_1.0.100.202602081740/tools/bin/../lib/gcc/arm-none-eabi/14.3.1/thumb/v7e-m+fp/hard\libgcc.a(_udivmoddi4.o)
                                  0x8 (size before relaxing)
                0x0800b11c                        __exidx_end = .
                0x0800b11c                        . = ALIGN (0x4)

.preinit_array  0x0800b11c        0x0
                0x0800b11c                        . = ALIGN (0x4)
                0x0800b11c                        PROVIDE (__preinit_array_start = .)
 *(.preinit_array*)
                0x0800b11c                        PROVIDE (__preinit_array_end = .)
                0x0800b11c                        . = ALIGN (0x4)

.init_array     0x0800b11c        0x4
                0x0800b11c                        . = ALIGN (0x4)
                0x0800b11c                        PROVIDE (__init_array_start = .)
 *(SORT_BY_NAME(.init_array.*))
 *(.init_array*)
 .init_array    0x0800b11c        0x4 C:/ST/STM32CubeIDE_2.1.1/STM32CubeIDE/plugins/com.st.stm32cube.ide.mcu.externaltools.gnu-tools-for-stm32.14.3.rel1.win32_1.0.100.202602081740/tools/bin/../lib/gcc/arm-none-eabi/14.3.1/thumb/v7e-m+fp/hard/crtbegin.o
                0x0800b120                        PROVIDE (__init_array_end = .)
                0x0800b120                        . = ALIGN (0x4)

.fini_array     0x0800b120        0x4
                0x0800b120                        . = ALIGN (0x4)
                [!provide]                        PROVIDE (__fini_array_start = .)
 *(SORT_BY_NAME(.fini_array.*))
 *(.fini_array*)
 .fini_array    0x0800b120        0x4 C:/ST/STM32CubeIDE_2.1.1/STM32CubeIDE/plugins/com.st.stm32cube.ide.mcu.externaltools.gnu-tools-for-stm32.14.3.rel1.win32_1.0.100.202602081740/tools/bin/../lib/gcc/arm-none-eabi/14.3.1/thumb/v7e-m+fp/hard/crtbegin.o
                [!provide]                        PROVIDE (__fini_array_end = .)
                0x0800b124                        . = ALIGN (0x4)
                0x0800b124                        _sidata = LOADADDR (.data)

.rel.dyn        0x0800b124        0x0
 .rel.iplt      0x0800b124        0x0 C:/ST/STM32CubeIDE_2.1.1/STM32CubeIDE/plugins/com.st.stm32cube.ide.mcu.externaltools.gnu-tools-for-stm32.14.3.rel1.win32_1.0.100.202602081740/tools/bin/../lib/gcc/arm-none-eabi/14.3.1/thumb/v7e-m+fp/hard/crtbegin.o

.data           0x20000000       0x64 load address 0x0800b124
                0x20000000                        . = ALIGN (0x4)
                0x20000000                        _sdata = .
 *(.data)
 *(.data*)
 .data.oldx.1   0x20000000        0x2 ./Core/Src/main.o
 .data.oldy.0   0x20000002        0x2 ./Core/Src/main.o
 .data.SystemCoreClock
                0x20000004        0x4 ./Core/Src/system_stm32f4xx.o
                0x20000004                SystemCoreClock
 .data.uwTickPrio
                0x20000008        0x4 ./Drivers/STM32F4xx_HAL_Driver/Src/stm32f4xx_hal.o
                0x20000008                uwTickPrio
 .data.uwTickFreq
                0x2000000c        0x1 ./Drivers/STM32F4xx_HAL_Driver/Src/stm32f4xx_hal.o
                0x2000000c                uwTickFreq
 *fill*         0x2000000d        0x3 
 .data.uxCriticalNesting
                0x20000010        0x4 ./Middlewares/Third_Party/FreeRTOS/Source/portable/GCC/ARM_CM4F/port.o
 .data._impure_ptr
                0x20000014        0x4 C:/ST/STM32CubeIDE_2.1.1/STM32CubeIDE/plugins/com.st.stm32cube.ide.mcu.externaltools.gnu-tools-for-stm32.14.3.rel1.win32_1.0.100.202602081740/tools/bin/../lib/gcc/arm-none-eabi/14.3.1/../../../../arm-none-eabi/lib/thumb/v7e-m+fp/hard\libc_nano.a(libc_a-impure.o)
                0x20000014                _impure_ptr
 .data._impure_data
                0x20000018       0x4c C:/ST/STM32CubeIDE_2.1.1/STM32CubeIDE/plugins/com.st.stm32cube.ide.mcu.externaltools.gnu-tools-for-stm32.14.3.rel1.win32_1.0.100.202602081740/tools/bin/../lib/gcc/arm-none-eabi/14.3.1/../../../../arm-none-eabi/lib/thumb/v7e-m+fp/hard\libc_nano.a(libc_a-impure.o)
                0x20000018                _impure_data
 *(.RamFunc)
 *(.RamFunc*)
                0x20000064                        . = ALIGN (0x4)
                0x20000064                        _edata = .

.igot.plt       0x20000064        0x0 load address 0x0800b188
 .igot.plt      0x20000064        0x0 C:/ST/STM32CubeIDE_2.1.1/STM32CubeIDE/plugins/com.st.stm32cube.ide.mcu.externaltools.gnu-tools-for-stm32.14.3.rel1.win32_1.0.100.202602081740/tools/bin/../lib/gcc/arm-none-eabi/14.3.1/thumb/v7e-m+fp/hard/crtbegin.o
                0x20000064                        . = ALIGN (0x4)

.bss            0x20000064     0x4df4 load address 0x0800b188
                0x20000064                        _sbss = .
                0x20000064                        __bss_start__ = _sbss
 *(.bss)
 .bss           0x20000064       0x1c C:/ST/STM32CubeIDE_2.1.1/STM32CubeIDE/plugins/com.st.stm32cube.ide.mcu.externaltools.gnu-tools-for-stm32.14.3.rel1.win32_1.0.100.202602081740/tools/bin/../lib/gcc/arm-none-eabi/14.3.1/thumb/v7e-m+fp/hard/crtbegin.o
 *(.bss*)
 .bss.hi2c1     0x20000080       0x54 ./Core/Src/main.o
                0x20000080                hi2c1
 .bss.hspi1     0x200000d4       0x58 ./Core/Src/main.o
                0x200000d4                hspi1
 .bss.htim1     0x2000012c       0x48 ./Core/Src/main.o
                0x2000012c                htim1
 .bss.huart1    0x20000174       0x48 ./Core/Src/main.o
                0x20000174                huart1
 .bss.huart2    0x200001bc       0x48 ./Core/Src/main.o
                0x200001bc                huart2
 .bss.defaultTaskHandle
                0x20000204        0x4 ./Core/Src/main.o
                0x20000204                defaultTaskHandle
 .bss.lcdTaskHandle
                0x20000208        0x4 ./Core/Src/main.o
                0x20000208                lcdTaskHandle
 .bss.touchSemHandle
                0x2000020c        0x4 ./Core/Src/main.o
                0x2000020c                touchSemHandle
 .bss.tft       0x20000210       0x30 ./Core/Src/main.o
                0x20000210                tft
 .bss.ts        0x20000240       0x28 ./Core/Src/main.o
                0x20000240                ts
 .bss.esp8266_uart_state
                0x20000268       0x70 ./Core/Src/main.o
 .bss.htim5     0x200002d8       0x48 ./Core/Src/stm32f4xx_hal_timebase_tim.o
                0x200002d8                htim5
 .bss.__sbrk_heap_end
                0x20000320        0x4 ./Core/Src/sysmem.o
 .bss.uwTick    0x20000324        0x4 ./Drivers/STM32F4xx_HAL_Driver/Src/stm32f4xx_hal.o
                0x20000324                uwTick
 .bss.KernelState
                0x20000328        0x4 ./Middlewares/Third_Party/FreeRTOS/Source/CMSIS_RTOS_V2/cmsis_os2.o
 .bss.Idle_TCB.3
                0x2000032c       0xa8 ./Middlewares/Third_Party/FreeRTOS/Source/CMSIS_RTOS_V2/cmsis_os2.o
 .bss.Idle_Stack.2
                0x200003d4      0x200 ./Middlewares/Third_Party/FreeRTOS/Source/CMSIS_RTOS_V2/cmsis_os2.o
 .bss.Timer_TCB.1
                0x200005d4       0xa8 ./Middlewares/Third_Party/FreeRTOS/Source/CMSIS_RTOS_V2/cmsis_os2.o
 .bss.Timer_Stack.0
                0x2000067c      0x400 ./Middlewares/Third_Party/FreeRTOS/Source/CMSIS_RTOS_V2/cmsis_os2.o
 .bss.xQueueRegistry
                0x20000a7c       0x40 ./Middlewares/Third_Party/FreeRTOS/Source/queue.o
                0x20000a7c                xQueueRegistry
 .bss.pxCurrentTCB
                0x20000abc        0x4 ./Middlewares/Third_Party/FreeRTOS/Source/tasks.o
                0x20000abc                pxCurrentTCB
 .bss.pxReadyTasksLists
                0x20000ac0      0x460 ./Middlewares/Third_Party/FreeRTOS/Source/tasks.o
 .bss.xDelayedTaskList1
                0x20000f20       0x14 ./Middlewares/Third_Party/FreeRTOS/Source/tasks.o
 .bss.xDelayedTaskList2
                0x20000f34       0x14 ./Middlewares/Third_Party/FreeRTOS/Source/tasks.o
 .bss.pxDelayedTaskList
                0x20000f48        0x4 ./Middlewares/Third_Party/FreeRTOS/Source/tasks.o
 .bss.pxOverflowDelayedTaskList
                0x20000f4c        0x4 ./Middlewares/Third_Party/FreeRTOS/Source/tasks.o
 .bss.xPendingReadyList
                0x20000f50       0x14 ./Middlewares/Third_Party/FreeRTOS/Source/tasks.o
 .bss.xTasksWaitingTermination
                0x20000f64       0x14 ./Middlewares/Third_Party/FreeRTOS/Source/tasks.o
 .bss.uxDeletedTasksWaitingCleanUp
                0x20000f78        0x4 ./Middlewares/Third_Party/FreeRTOS/Source/tasks.o
 .bss.xSuspendedTaskList
                0x20000f7c       0x14 ./Middlewares/Third_Party/FreeRTOS/Source/tasks.o
 .bss.uxCurrentNumberOfTasks
                0x20000f90        0x4 ./Middlewares/Third_Party/FreeRTOS/Source/tasks.o
 .bss.xTickCount
                0x20000f94        0x4 ./Middlewares/Third_Party/FreeRTOS/Source/tasks.o
 .bss.uxTopReadyPriority
                0x20000f98        0x4 ./Middlewares/Third_Party/FreeRTOS/Source/tasks.o
 .bss.xSchedulerRunning
                0x20000f9c        0x4 ./Middlewares/Third_Party/FreeRTOS/Source/tasks.o
 .bss.xPendedTicks
                0x20000fa0        0x4 ./Middlewares/Third_Party/FreeRTOS/Source/tasks.o
 .bss.xYieldPending
                0x20000fa4        0x4 ./Middlewares/Third_Party/FreeRTOS/Source/tasks.o
 .bss.xNumOfOverflows
                0x20000fa8        0x4 ./Middlewares/Third_Party/FreeRTOS/Source/tasks.o
 .bss.uxTaskNumber
                0x20000fac        0x4 ./Middlewares/Third_Party/FreeRTOS/Source/tasks.o
 .bss.xNextTaskUnblockTime
                0x20000fb0        0x4 ./Middlewares/Third_Party/FreeRTOS/Source/tasks.o
 .bss.xIdleTaskHandle
                0x20000fb4        0x4 ./Middlewares/Third_Party/FreeRTOS/Source/tasks.o
 .bss.uxSchedulerSuspended
                0x20000fb8        0x4 ./Middlewares/Third_Party/FreeRTOS/Source/tasks.o
 .bss.xActiveTimerList1
                0x20000fbc       0x14 ./Middlewares/Third_Party/FreeRTOS/Source/timers.o
 .bss.xActiveTimerList2
                0x20000fd0       0x14 ./Middlewares/Third_Party/FreeRTOS/Source/timers.o
 .bss.pxCurrentTimerList
                0x20000fe4        0x4 ./Middlewares/Third_Party/FreeRTOS/Source/timers.o
 .bss.pxOverflowTimerList
                0x20000fe8        0x4 ./Middlewares/Third_Party/FreeRTOS/Source/timers.o
 .bss.xTimerQueue
                0x20000fec        0x4 ./Middlewares/Third_Party/FreeRTOS/Source/timers.o
 .bss.xTimerTaskHandle
                0x20000ff0        0x4 ./Middlewares/Third_Party/FreeRTOS/Source/timers.o
 .bss.xLastTime.2
                0x20000ff4        0x4 ./Middlewares/Third_Party/FreeRTOS/Source/timers.o
 .bss.ucStaticTimerQueueStorage.1
                0x20000ff8       0xa0 ./Middlewares/Third_Party/FreeRTOS/Source/timers.o
 .bss.xStaticTimerQueue.0
                0x20001098       0x50 ./Middlewares/Third_Party/FreeRTOS/Source/timers.o
 .bss.ucMaxSysCallPriority
                0x200010e8        0x1 ./Middlewares/Third_Party/FreeRTOS/Source/portable/GCC/ARM_CM4F/port.o
 *fill*         0x200010e9        0x3 
 .bss.ulMaxPRIGROUPValue
                0x200010ec        0x4 ./Middlewares/Third_Party/FreeRTOS/Source/portable/GCC/ARM_CM4F/port.o
 .bss.ucHeap    0x200010f0     0x3c00 ./Middlewares/Third_Party/FreeRTOS/Source/portable/MemMang/heap_4.o
 .bss.xStart    0x20004cf0        0x8 ./Middlewares/Third_Party/FreeRTOS/Source/portable/MemMang/heap_4.o
 .bss.pxEnd     0x20004cf8        0x4 ./Middlewares/Third_Party/FreeRTOS/Source/portable/MemMang/heap_4.o
 .bss.xFreeBytesRemaining
                0x20004cfc        0x4 ./Middlewares/Third_Party/FreeRTOS/Source/portable/MemMang/heap_4.o
 .bss.xMinimumEverFreeBytesRemaining
                0x20004d00        0x4 ./Middlewares/Third_Party/FreeRTOS/Source/portable/MemMang/heap_4.o
 .bss.xNumberOfSuccessfulAllocations
                0x20004d04        0x4 ./Middlewares/Third_Party/FreeRTOS/Source/portable/MemMang/heap_4.o
 .bss.xNumberOfSuccessfulFrees
                0x20004d08        0x4 ./Middlewares/Third_Party/FreeRTOS/Source/portable/MemMang/heap_4.o
 .bss.xBlockAllocatedBit
                0x20004d0c        0x4 ./Middlewares/Third_Party/FreeRTOS/Source/portable/MemMang/heap_4.o
 .bss.__sf      0x20004d10      0x138 C:/ST/STM32CubeIDE_2.1.1/STM32CubeIDE/plugins/com.st.stm32cube.ide.mcu.externaltools.gnu-tools-for-stm32.14.3.rel1.win32_1.0.100.202602081740/tools/bin/../lib/gcc/arm-none-eabi/14.3.1/../../../../arm-none-eabi/lib/thumb/v7e-m+fp/hard\libc_nano.a(libc_a-findfp.o)
                0x20004d10                __sf
 .bss.errno     0x20004e48        0x4 C:/ST/STM32CubeIDE_2.1.1/STM32CubeIDE/plugins/com.st.stm32cube.ide.mcu.externaltools.gnu-tools-for-stm32.14.3.rel1.win32_1.0.100.202602081740/tools/bin/../lib/gcc/arm-none-eabi/14.3.1/../../../../arm-none-eabi/lib/thumb/v7e-m+fp/hard\libc_nano.a(libc_a-reent.o)
                0x20004e48                errno
 .bss.__lock___malloc_recursive_mutex
                0x20004e4c        0x1 C:/ST/STM32CubeIDE_2.1.1/STM32CubeIDE/plugins/com.st.stm32cube.ide.mcu.externaltools.gnu-tools-for-stm32.14.3.rel1.win32_1.0.100.202602081740/tools/bin/../lib/gcc/arm-none-eabi/14.3.1/../../../../arm-none-eabi/lib/thumb/v7e-m+fp/hard\libc_nano.a(libc_a-lock.o)
                0x20004e4c                __lock___malloc_recursive_mutex
 *fill*         0x20004e4d        0x3 
 .bss.__malloc_sbrk_start
                0x20004e50        0x4 C:/ST/STM32CubeIDE_2.1.1/STM32CubeIDE/plugins/com.st.stm32cube.ide.mcu.externaltools.gnu-tools-for-stm32.14.3.rel1.win32_1.0.100.202602081740/tools/bin/../lib/gcc/arm-none-eabi/14.3.1/../../../../arm-none-eabi/lib/thumb/v7e-m+fp/hard\libc_nano.a(libc_a-mallocr.o)
                0x20004e50                __malloc_sbrk_start
 .bss.__malloc_free_list
                0x20004e54        0x4 C:/ST/STM32CubeIDE_2.1.1/STM32CubeIDE/plugins/com.st.stm32cube.ide.mcu.externaltools.gnu-tools-for-stm32.14.3.rel1.win32_1.0.100.202602081740/tools/bin/../lib/gcc/arm-none-eabi/14.3.1/../../../../arm-none-eabi/lib/thumb/v7e-m+fp/hard\libc_nano.a(libc_a-mallocr.o)
                0x20004e54                __malloc_free_list
 *(COMMON)
                0x20004e58                        . = ALIGN (0x4)
                0x20004e58                        _ebss = .
                0x20004e58                        __bss_end__ = _ebss

._user_heap_stack
                0x20004e58      0x600 load address 0x0800b188
                0x20004e58                        . = ALIGN (0x8)
                [!provide]                        PROVIDE (end = .)
                0x20004e58                        PROVIDE (_end = .)
                0x20005058                        . = (. + _Min_Heap_Size)
 *fill*         0x20004e58      0x200 
                0x20005458                        . = (. + _Min_Stack_Size)
 *fill*         0x20005058      0x400 
                0x20005458                        . = ALIGN (0x8)

/DISCARD/
 libc.a(*)
 libm.a(*)
 libgcc.a(*)

.ARM.attributes
                0x00000000       0x30
 *(.ARM.attributes)
 .ARM.attributes
                0x00000000       0x22 C:/ST/STM32CubeIDE_2.1.1/STM32CubeIDE/plugins/com.st.stm32cube.ide.mcu.externaltools.gnu-tools-for-stm32.14.3.rel1.win32_1.0.100.202602081740/tools/bin/../lib/gcc/arm-none-eabi/14.3.1/thumb/v7e-m+fp/hard/crti.o
 .ARM.attributes
                0x00000022       0x34 C:/ST/STM32CubeIDE_2.1.1/STM32CubeIDE/plugins/com.st.stm32cube.ide.mcu.externaltools.gnu-tools-for-stm32.14.3.rel1.win32_1.0.100.202602081740/tools/bin/../lib/gcc/arm-none-eabi/14.3.1/thumb/v7e-m+fp/hard/crtbegin.o
 .ARM.attributes
                0x00000056       0x34 ./App/LCD/ILI9341.o
 .ARM.attributes
                0x0000008a       0x34 ./App/LCD/XPT2046.o
 .ARM.attributes
                0x000000be       0x34 ./App/LCD/glcdfont.o
 .ARM.attributes
                0x000000f2       0x34 ./App/UART/esp8266_uart.o
 .ARM.attributes
                0x00000126       0x34 ./Core/Src/main.o
 .ARM.attributes
                0x0000015a       0x34 ./Core/Src/stm32f4xx_hal_msp.o
 .ARM.attributes
                0x0000018e       0x34 ./Core/Src/stm32f4xx_hal_timebase_tim.o
 .ARM.attributes
                0x000001c2       0x34 ./Core/Src/stm32f4xx_it.o
 .ARM.attributes
                0x000001f6       0x34 ./Core/Src/sysmem.o
 .ARM.attributes
                0x0000022a       0x34 ./Core/Src/system_stm32f4xx.o
 .ARM.attributes
                0x0000025e       0x21 ./Core/Startup/startup_stm32f411retx.o
 .ARM.attributes
                0x0000027f       0x34 ./Drivers/STM32F4xx_HAL_Driver/Src/stm32f4xx_hal.o
 .ARM.attributes
                0x000002b3       0x34 ./Drivers/STM32F4xx_HAL_Driver/Src/stm32f4xx_hal_cortex.o
 .ARM.attributes
                0x000002e7       0x34 ./Drivers/STM32F4xx_HAL_Driver/Src/stm32f4xx_hal_dma.o
 .ARM.attributes
                0x0000031b       0x34 ./Drivers/STM32F4xx_HAL_Driver/Src/stm32f4xx_hal_gpio.o
 .ARM.attributes
                0x0000034f       0x34 ./Drivers/STM32F4xx_HAL_Driver/Src/stm32f4xx_hal_i2c.o
 .ARM.attributes
                0x00000383       0x34 ./Drivers/STM32F4xx_HAL_Driver/Src/stm32f4xx_hal_rcc.o
 .ARM.attributes
                0x000003b7       0x34 ./Drivers/STM32F4xx_HAL_Driver/Src/stm32f4xx_hal_spi.o
 .ARM.attributes
                0x000003eb       0x34 ./Drivers/STM32F4xx_HAL_Driver/Src/stm32f4xx_hal_tim.o
 .ARM.attributes
                0x0000041f       0x34 ./Drivers/STM32F4xx_HAL_Driver/Src/stm32f4xx_hal_tim_ex.o
 .ARM.attributes
                0x00000453       0x34 ./Drivers/STM32F4xx_HAL_Driver/Src/stm32f4xx_hal_uart.o
 .ARM.attributes
                0x00000487       0x34 ./Middlewares/Third_Party/FreeRTOS/Source/CMSIS_RTOS_V2/cmsis_os2.o
 .ARM.attributes
                0x000004bb       0x34 ./Middlewares/Third_Party/FreeRTOS/Source/list.o
 .ARM.attributes
                0x000004ef       0x34 ./Middlewares/Third_Party/FreeRTOS/Source/queue.o
 .ARM.attributes
                0x00000523       0x34 ./Middlewares/Third_Party/FreeRTOS/Source/tasks.o
 .ARM.attributes
                0x00000557       0x34 ./Middlewares/Third_Party/FreeRTOS/Source/timers.o
 .ARM.attributes
                0x0000058b       0x34 ./Middlewares/Third_Party/FreeRTOS/Source/portable/GCC/ARM_CM4F/port.o
 .ARM.attributes
                0x000005bf       0x34 ./Middlewares/Third_Party/FreeRTOS/Source/portable/MemMang/heap_4.o
 .ARM.attributes
                0x000005f3       0x34 C:/ST/STM32CubeIDE_2.1.1/STM32CubeIDE/plugins/com.st.stm32cube.ide.mcu.externaltools.gnu-tools-for-stm32.14.3.rel1.win32_1.0.100.202602081740/tools/bin/../lib/gcc/arm-none-eabi/14.3.1/../../../../arm-none-eabi/lib/thumb/v7e-m+fp/hard\libc_nano.a(libc_a-findfp.o)
 .ARM.attributes
                0x00000627       0x34 C:/ST/STM32CubeIDE_2.1.1/STM32CubeIDE/plugins/com.st.stm32cube.ide.mcu.externaltools.gnu-tools-for-stm32.14.3.rel1.win32_1.0.100.202602081740/tools/bin/../lib/gcc/arm-none-eabi/14.3.1/../../../../arm-none-eabi/lib/thumb/v7e-m+fp/hard\libc_nano.a(libc_a-snprintf.o)
 .ARM.attributes
                0x0000065b       0x34 C:/ST/STM32CubeIDE_2.1.1/STM32CubeIDE/plugins/com.st.stm32cube.ide.mcu.externaltools.gnu-tools-for-stm32.14.3.rel1.win32_1.0.100.202602081740/tools/bin/../lib/gcc/arm-none-eabi/14.3.1/../../../../arm-none-eabi/lib/thumb/v7e-m+fp/hard\libc_nano.a(libc_a-memset.o)
 .ARM.attributes
                0x0000068f       0x34 C:/ST/STM32CubeIDE_2.1.1/STM32CubeIDE/plugins/com.st.stm32cube.ide.mcu.externaltools.gnu-tools-for-stm32.14.3.rel1.win32_1.0.100.202602081740/tools/bin/../lib/gcc/arm-none-eabi/14.3.1/../../../../arm-none-eabi/lib/thumb/v7e-m+fp/hard\libc_nano.a(libc_a-reent.o)
 .ARM.attributes
                0x000006c3       0x34 C:/ST/STM32CubeIDE_2.1.1/STM32CubeIDE/plugins/com.st.stm32cube.ide.mcu.externaltools.gnu-tools-for-stm32.14.3.rel1.win32_1.0.100.202602081740/tools/bin/../lib/gcc/arm-none-eabi/14.3.1/../../../../arm-none-eabi/lib/thumb/v7e-m+fp/hard\libc_nano.a(libc_a-impure.o)
 .ARM.attributes
                0x000006f7       0x34 C:/ST/STM32CubeIDE_2.1.1/STM32CubeIDE/plugins/com.st.stm32cube.ide.mcu.externaltools.gnu-tools-for-stm32.14.3.rel1.win32_1.0.100.202602081740/tools/bin/../lib/gcc/arm-none-eabi/14.3.1/../../../../arm-none-eabi/lib/thumb/v7e-m+fp/hard\libc_nano.a(libc_a-errno.o)
 .ARM.attributes
                0x0000072b       0x34 C:/ST/STM32CubeIDE_2.1.1/STM32CubeIDE/plugins/com.st.stm32cube.ide.mcu.externaltools.gnu-tools-for-stm32.14.3.rel1.win32_1.0.100.202602081740/tools/bin/../lib/gcc/arm-none-eabi/14.3.1/../../../../arm-none-eabi/lib/thumb/v7e-m+fp/hard\libc_nano.a(libc_a-init.o)
 .ARM.attributes
                0x0000075f       0x34 C:/ST/STM32CubeIDE_2.1.1/STM32CubeIDE/plugins/com.st.stm32cube.ide.mcu.externaltools.gnu-tools-for-stm32.14.3.rel1.win32_1.0.100.202602081740/tools/bin/../lib/gcc/arm-none-eabi/14.3.1/../../../../arm-none-eabi/lib/thumb/v7e-m+fp/hard\libc_nano.a(libc_a-lock.o)
 .ARM.attributes
                0x00000793       0x34 C:/ST/STM32CubeIDE_2.1.1/STM32CubeIDE/plugins/com.st.stm32cube.ide.mcu.externaltools.gnu-tools-for-stm32.14.3.rel1.win32_1.0.100.202602081740/tools/bin/../lib/gcc/arm-none-eabi/14.3.1/../../../../arm-none-eabi/lib/thumb/v7e-m+fp/hard\libc_nano.a(libc_a-memcpy-stub.o)
 .ARM.attributes
                0x000007c7       0x17 C:/ST/STM32CubeIDE_2.1.1/STM32CubeIDE/plugins/com.st.stm32cube.ide.mcu.externaltools.gnu-tools-for-stm32.14.3.rel1.win32_1.0.100.202602081740/tools/bin/../lib/gcc/arm-none-eabi/14.3.1/../../../../arm-none-eabi/lib/thumb/v7e-m+fp/hard\libc_nano.a(libc_a-strlen.o)
 .ARM.attributes
                0x000007de       0x34 C:/ST/STM32CubeIDE_2.1.1/STM32CubeIDE/plugins/com.st.stm32cube.ide.mcu.externaltools.gnu-tools-for-stm32.14.3.rel1.win32_1.0.100.202602081740/tools/bin/../lib/gcc/arm-none-eabi/14.3.1/../../../../arm-none-eabi/lib/thumb/v7e-m+fp/hard\libc_nano.a(libc_a-freer.o)
 .ARM.attributes
                0x00000812       0x34 C:/ST/STM32CubeIDE_2.1.1/STM32CubeIDE/plugins/com.st.stm32cube.ide.mcu.externaltools.gnu-tools-for-stm32.14.3.rel1.win32_1.0.100.202602081740/tools/bin/../lib/gcc/arm-none-eabi/14.3.1/../../../../arm-none-eabi/lib/thumb/v7e-m+fp/hard\libc_nano.a(libc_a-mallocr.o)
 .ARM.attributes
                0x00000846       0x34 C:/ST/STM32CubeIDE_2.1.1/STM32CubeIDE/plugins/com.st.stm32cube.ide.mcu.externaltools.gnu-tools-for-stm32.14.3.rel1.win32_1.0.100.202602081740/tools/bin/../lib/gcc/arm-none-eabi/14.3.1/../../../../arm-none-eabi/lib/thumb/v7e-m+fp/hard\libc_nano.a(libc_a-mlock.o)
 .ARM.attributes
                0x0000087a       0x34 C:/ST/STM32CubeIDE_2.1.1/STM32CubeIDE/plugins/com.st.stm32cube.ide.mcu.externaltools.gnu-tools-for-stm32.14.3.rel1.win32_1.0.100.202602081740/tools/bin/../lib/gcc/arm-none-eabi/14.3.1/../../../../arm-none-eabi/lib/thumb/v7e-m+fp/hard\libc_nano.a(libc_a-nano-svfprintf.o)
 .ARM.attributes
                0x000008ae       0x34 C:/ST/STM32CubeIDE_2.1.1/STM32CubeIDE/plugins/com.st.stm32cube.ide.mcu.externaltools.gnu-tools-for-stm32.14.3.rel1.win32_1.0.100.202602081740/tools/bin/../lib/gcc/arm-none-eabi/14.3.1/../../../../arm-none-eabi/lib/thumb/v7e-m+fp/hard\libc_nano.a(libc_a-nano-vfprintf_i.o)
 .ARM.attributes
                0x000008e2       0x34 C:/ST/STM32CubeIDE_2.1.1/STM32CubeIDE/plugins/com.st.stm32cube.ide.mcu.externaltools.gnu-tools-for-stm32.14.3.rel1.win32_1.0.100.202602081740/tools/bin/../lib/gcc/arm-none-eabi/14.3.1/../../../../arm-none-eabi/lib/thumb/v7e-m+fp/hard\libc_nano.a(libc_a-memmove.o)
 .ARM.attributes
                0x00000916       0x34 C:/ST/STM32CubeIDE_2.1.1/STM32CubeIDE/plugins/com.st.stm32cube.ide.mcu.externaltools.gnu-tools-for-stm32.14.3.rel1.win32_1.0.100.202602081740/tools/bin/../lib/gcc/arm-none-eabi/14.3.1/../../../../arm-none-eabi/lib/thumb/v7e-m+fp/hard\libc_nano.a(libc_a-sbrkr.o)
 .ARM.attributes
                0x0000094a       0x1c C:/ST/STM32CubeIDE_2.1.1/STM32CubeIDE/plugins/com.st.stm32cube.ide.mcu.externaltools.gnu-tools-for-stm32.14.3.rel1.win32_1.0.100.202602081740/tools/bin/../lib/gcc/arm-none-eabi/14.3.1/../../../../arm-none-eabi/lib/thumb/v7e-m+fp/hard\libc_nano.a(libc_a-memchr.o)
 .ARM.attributes
                0x00000966       0x34 C:/ST/STM32CubeIDE_2.1.1/STM32CubeIDE/plugins/com.st.stm32cube.ide.mcu.externaltools.gnu-tools-for-stm32.14.3.rel1.win32_1.0.100.202602081740/tools/bin/../lib/gcc/arm-none-eabi/14.3.1/../../../../arm-none-eabi/lib/thumb/v7e-m+fp/hard\libc_nano.a(libc_a-reallocr.o)
 .ARM.attributes
                0x0000099a       0x34 C:/ST/STM32CubeIDE_2.1.1/STM32CubeIDE/plugins/com.st.stm32cube.ide.mcu.externaltools.gnu-tools-for-stm32.14.3.rel1.win32_1.0.100.202602081740/tools/bin/../lib/gcc/arm-none-eabi/14.3.1/../../../../arm-none-eabi/lib/thumb/v7e-m+fp/hard\libc_nano.a(libc_a-msizer.o)
 .ARM.attributes
                0x000009ce       0x22 C:/ST/STM32CubeIDE_2.1.1/STM32CubeIDE/plugins/com.st.stm32cube.ide.mcu.externaltools.gnu-tools-for-stm32.14.3.rel1.win32_1.0.100.202602081740/tools/bin/../lib/gcc/arm-none-eabi/14.3.1/thumb/v7e-m+fp/hard\libgcc.a(_aeabi_uldivmod.o)
 .ARM.attributes
                0x000009f0       0x34 C:/ST/STM32CubeIDE_2.1.1/STM32CubeIDE/plugins/com.st.stm32cube.ide.mcu.externaltools.gnu-tools-for-stm32.14.3.rel1.win32_1.0.100.202602081740/tools/bin/../lib/gcc/arm-none-eabi/14.3.1/thumb/v7e-m+fp/hard\libgcc.a(_udivmoddi4.o)
 .ARM.attributes
                0x00000a24       0x22 C:/ST/STM32CubeIDE_2.1.1/STM32CubeIDE/plugins/com.st.stm32cube.ide.mcu.externaltools.gnu-tools-for-stm32.14.3.rel1.win32_1.0.100.202602081740/tools/bin/../lib/gcc/arm-none-eabi/14.3.1/thumb/v7e-m+fp/hard\libgcc.a(_dvmd_tls.o)
 .ARM.attributes
                0x00000a46       0x22 C:/ST/STM32CubeIDE_2.1.1/STM32CubeIDE/plugins/com.st.stm32cube.ide.mcu.externaltools.gnu-tools-for-stm32.14.3.rel1.win32_1.0.100.202602081740/tools/bin/../lib/gcc/arm-none-eabi/14.3.1/thumb/v7e-m+fp/hard/crtn.o
OUTPUT(humidity_controller.elf elf32-littlearm)
LOAD linker stubs
LOAD C:/ST/STM32CubeIDE_2.1.1/STM32CubeIDE/plugins/com.st.stm32cube.ide.mcu.externaltools.gnu-tools-for-stm32.14.3.rel1.win32_1.0.100.202602081740/tools/bin/../lib/gcc/arm-none-eabi/14.3.1/../../../../arm-none-eabi/lib/thumb/v7e-m+fp/hard\libc.a
LOAD C:/ST/STM32CubeIDE_2.1.1/STM32CubeIDE/plugins/com.st.stm32cube.ide.mcu.externaltools.gnu-tools-for-stm32.14.3.rel1.win32_1.0.100.202602081740/tools/bin/../lib/gcc/arm-none-eabi/14.3.1/../../../../arm-none-eabi/lib/thumb/v7e-m+fp/hard\libm.a
LOAD C:/ST/STM32CubeIDE_2.1.1/STM32CubeIDE/plugins/com.st.stm32cube.ide.mcu.externaltools.gnu-tools-for-stm32.14.3.rel1.win32_1.0.100.202602081740/tools/bin/../lib/gcc/arm-none-eabi/14.3.1/thumb/v7e-m+fp/hard\libgcc.a

.debug_info     0x00000000    0x21cf2
 .debug_info    0x00000000     0x28cf ./App/LCD/ILI9341.o
 .debug_info    0x000028cf      0xcef ./App/LCD/XPT2046.o
 .debug_info    0x000035be       0x5e ./App/LCD/glcdfont.o
 .debug_info    0x0000361c      0x952 ./App/UART/esp8266_uart.o
 .debug_info    0x00003f6e     0x2a14 ./Core/Src/main.o
 .debug_info    0x00006982     0x157b ./Core/Src/stm32f4xx_hal_msp.o
 .debug_info    0x00007efd      0xb83 ./Core/Src/stm32f4xx_hal_timebase_tim.o
 .debug_info    0x00008a80      0x97e ./Core/Src/stm32f4xx_it.o
 .debug_info    0x000093fe      0x168 ./Core/Src/sysmem.o
 .debug_info    0x00009566      0x53e ./Core/Src/system_stm32f4xx.o
 .debug_info    0x00009aa4       0x30 ./Core/Startup/startup_stm32f411retx.o
 .debug_info    0x00009ad4      0x8c4 ./Drivers/STM32F4xx_HAL_Driver/Src/stm32f4xx_hal.o
 .debug_info    0x0000a398      0xcfc ./Drivers/STM32F4xx_HAL_Driver/Src/stm32f4xx_hal_cortex.o
 .debug_info    0x0000b094      0x8e6 ./Drivers/STM32F4xx_HAL_Driver/Src/stm32f4xx_hal_dma.o
 .debug_info    0x0000b97a      0x6f9 ./Drivers/STM32F4xx_HAL_Driver/Src/stm32f4xx_hal_gpio.o
 .debug_info    0x0000c073     0x2426 ./Drivers/STM32F4xx_HAL_Driver/Src/stm32f4xx_hal_i2c.o
 .debug_info    0x0000e499      0x904 ./Drivers/STM32F4xx_HAL_Driver/Src/stm32f4xx_hal_rcc.o
 .debug_info    0x0000ed9d     0x1530 ./Drivers/STM32F4xx_HAL_Driver/Src/stm32f4xx_hal_spi.o
 .debug_info    0x000102cd     0x2996 ./Drivers/STM32F4xx_HAL_Driver/Src/stm32f4xx_hal_tim.o
 .debug_info    0x00012c63     0x14d4 ./Drivers/STM32F4xx_HAL_Driver/Src/stm32f4xx_hal_tim_ex.o
 .debug_info    0x00014137     0x2f56 ./Drivers/STM32F4xx_HAL_Driver/Src/stm32f4xx_hal_uart.o
 .debug_info    0x0001708d     0x4079 ./Middlewares/Third_Party/FreeRTOS/Source/CMSIS_RTOS_V2/cmsis_os2.o
 .debug_info    0x0001b106      0x2af ./Middlewares/Third_Party/FreeRTOS/Source/list.o
 .debug_info    0x0001b3b5     0x1b79 ./Middlewares/Third_Party/FreeRTOS/Source/queue.o
 .debug_info    0x0001cf2e     0x28c1 ./Middlewares/Third_Party/FreeRTOS/Source/tasks.o
 .debug_info    0x0001f7ef     0x1b50 ./Middlewares/Third_Party/FreeRTOS/Source/timers.o
 .debug_info    0x0002133f      0x4de ./Middlewares/Third_Party/FreeRTOS/Source/portable/GCC/ARM_CM4F/port.o
 .debug_info    0x0002181d      0x4d5 ./Middlewares/Third_Party/FreeRTOS/Source/portable/MemMang/heap_4.o

.debug_abbrev   0x00000000     0x42f9
 .debug_abbrev  0x00000000      0x35e ./App/LCD/ILI9341.o
 .debug_abbrev  0x0000035e      0x2b2 ./App/LCD/XPT2046.o
 .debug_abbrev  0x00000610       0x49 ./App/LCD/glcdfont.o
 .debug_abbrev  0x00000659      0x219 ./App/UART/esp8266_uart.o
 .debug_abbrev  0x00000872      0x32e ./Core/Src/main.o
 .debug_abbrev  0x00000ba0      0x255 ./Core/Src/stm32f4xx_hal_msp.o
 .debug_abbrev  0x00000df5      0x207 ./Core/Src/stm32f4xx_hal_timebase_tim.o
 .debug_abbrev  0x00000ffc      0x1b1 ./Core/Src/stm32f4xx_it.o
 .debug_abbrev  0x000011ad       0xbc ./Core/Src/sysmem.o
 .debug_abbrev  0x00001269      0x11a ./Core/Src/system_stm32f4xx.o
 .debug_abbrev  0x00001383       0x24 ./Core/Startup/startup_stm32f411retx.o
 .debug_abbrev  0x000013a7      0x24b ./Drivers/STM32F4xx_HAL_Driver/Src/stm32f4xx_hal.o
 .debug_abbrev  0x000015f2      0x31d ./Drivers/STM32F4xx_HAL_Driver/Src/stm32f4xx_hal_cortex.o
 .debug_abbrev  0x0000190f      0x221 ./Drivers/STM32F4xx_HAL_Driver/Src/stm32f4xx_hal_dma.o
 .debug_abbrev  0x00001b30      0x1d3 ./Drivers/STM32F4xx_HAL_Driver/Src/stm32f4xx_hal_gpio.o
 .debug_abbrev  0x00001d03      0x2bc ./Drivers/STM32F4xx_HAL_Driver/Src/stm32f4xx_hal_i2c.o
 .debug_abbrev  0x00001fbf      0x2b6 ./Drivers/STM32F4xx_HAL_Driver/Src/stm32f4xx_hal_rcc.o
 .debug_abbrev  0x00002275      0x276 ./Drivers/STM32F4xx_HAL_Driver/Src/stm32f4xx_hal_spi.o
 .debug_abbrev  0x000024eb      0x28b ./Drivers/STM32F4xx_HAL_Driver/Src/stm32f4xx_hal_tim.o
 .debug_abbrev  0x00002776      0x296 ./Drivers/STM32F4xx_HAL_Driver/Src/stm32f4xx_hal_tim_ex.o
 .debug_abbrev  0x00002a0c      0x31b ./Drivers/STM32F4xx_HAL_Driver/Src/stm32f4xx_hal_uart.o
 .debug_abbrev  0x00002d27      0x548 ./Middlewares/Third_Party/FreeRTOS/Source/CMSIS_RTOS_V2/cmsis_os2.o
 .debug_abbrev  0x0000326f       0xf5 ./Middlewares/Third_Party/FreeRTOS/Source/list.o
 .debug_abbrev  0x00003364      0x3b6 ./Middlewares/Third_Party/FreeRTOS/Source/queue.o
 .debug_abbrev  0x0000371a      0x3fe ./Middlewares/Third_Party/FreeRTOS/Source/tasks.o
 .debug_abbrev  0x00003b18      0x368 ./Middlewares/Third_Party/FreeRTOS/Source/timers.o
 .debug_abbrev  0x00003e80      0x25c ./Middlewares/Third_Party/FreeRTOS/Source/portable/GCC/ARM_CM4F/port.o
 .debug_abbrev  0x000040dc      0x21d ./Middlewares/Third_Party/FreeRTOS/Source/portable/MemMang/heap_4.o

.debug_aranges  0x00000000     0x1ca0
 .debug_aranges
                0x00000000      0x220 ./App/LCD/ILI9341.o
 .debug_aranges
                0x00000220       0xa0 ./App/LCD/XPT2046.o
 .debug_aranges
                0x000002c0       0x18 ./App/LCD/glcdfont.o
 .debug_aranges
                0x000002d8       0x48 ./App/UART/esp8266_uart.o
 .debug_aranges
                0x00000320       0xb0 ./Core/Src/main.o
 .debug_aranges
                0x000003d0       0x68 ./Core/Src/stm32f4xx_hal_msp.o
 .debug_aranges
                0x00000438       0x30 ./Core/Src/stm32f4xx_hal_timebase_tim.o
 .debug_aranges
                0x00000468       0x68 ./Core/Src/stm32f4xx_it.o
 .debug_aranges
                0x000004d0       0x20 ./Core/Src/sysmem.o
 .debug_aranges
                0x000004f0       0x28 ./Core/Src/system_stm32f4xx.o
 .debug_aranges
                0x00000518       0x28 ./Core/Startup/startup_stm32f411retx.o
 .debug_aranges
                0x00000540       0xf0 ./Drivers/STM32F4xx_HAL_Driver/Src/stm32f4xx_hal.o
 .debug_aranges
                0x00000630      0x130 ./Drivers/STM32F4xx_HAL_Driver/Src/stm32f4xx_hal_cortex.o
 .debug_aranges
                0x00000760       0x90 ./Drivers/STM32F4xx_HAL_Driver/Src/stm32f4xx_hal_dma.o
 .debug_aranges
                0x000007f0       0x58 ./Drivers/STM32F4xx_HAL_Driver/Src/stm32f4xx_hal_gpio.o
 .debug_aranges
                0x00000848      0x2a8 ./Drivers/STM32F4xx_HAL_Driver/Src/stm32f4xx_hal_i2c.o
 .debug_aranges
                0x00000af0       0x88 ./Drivers/STM32F4xx_HAL_Driver/Src/stm32f4xx_hal_rcc.o
 .debug_aranges
                0x00000b78      0x1d0 ./Drivers/STM32F4xx_HAL_Driver/Src/stm32f4xx_hal_spi.o
 .debug_aranges