../Drivers/CMSIS/RTOS2/Template/cmsis_os1.c:34:12:osThreadCreate	0	static
../Drivers/CMSIS/RTOS2/Template/cmsis_os1.c:47:9:osSignalSet	8	static
../Drivers/CMSIS/RTOS2/Template/cmsis_os1.c:57:9:osSignalClear	16	static
../Drivers/CMSIS/RTOS2/Template/cmsis_os1.c:70:9:osSignalWait	8	static
../Drivers/CMSIS/RTOS2/Template/cmsis_os1.c:103:11:osTimerCreate	4	static
../Drivers/CMSIS/RTOS2/Template/cmsis_os1.c:113:11:osMutexCreate	0	static
../Drivers/CMSIS/RTOS2/Template/cmsis_os1.c:126:15:osSemaphoreCreate	0	static
../Drivers/CMSIS/RTOS2/Template/cmsis_os1.c:134:9:osSemaphoreWait	8	static
../Drivers/CMSIS/RTOS2/Template/cmsis_os1.c:159:10:osPoolCreate	0	static
../Drivers/CMSIS/RTOS2/Template/cmsis_os1.c:167:7:osPoolAlloc	0	static
../Drivers/CMSIS/RTOS2/Template/cmsis_os1.c:171:7:osPoolCAlloc	16	static
../Drivers/CMSIS/RTOS2/Template/cmsis_os1.c:186:10:osPoolFree	0	static
../Drivers/CMSIS/RTOS2/Template/cmsis_os1.c:197:14:osMessageCreate	0	static
../Drivers/CMSIS/RTOS2/Template/cmsis_os1.c:206:10:osMessagePut	16	static
../Drivers/CMSIS/RTOS2/Template/cmsis_os1.c:210:9:osMessageGet	24	static
../Drivers/CMSIS/RTOS2/Template/cmsis_os1.c:246:11:osMailCreate	16	static
../Drivers/CMSIS/RTOS2/Template/cmsis_os1.c:274:7:osMailAlloc	0	static
../Drivers/CMSIS/RTOS2/Template/cmsis_os1.c:283:7:osMailCAlloc	16	static
../Drivers/CMSIS/RTOS2/Template/cmsis_os1.c:304:10:osMailPut	16	static
../Drivers/CMSIS/RTOS2/Template/cmsis_os1.c:316:9:osMailGet	24	static
../Drivers/CMSIS/RTOS2/Template/cmsis_os1.c:346:10:osMailFree	0	static
