../Core/Src/main.c:171:5:main	8	static
../Core/Src/main.c:256:6:SystemClock_Config	88	static
../Core/Src/main.c:298:13:MX_I2C1_Init	8	static
../Core/Src/main.c:332:13:MX_SPI1_Init	8	static
../Core/Src/main.c:370:13:MX_TIM1_Init	80	static
../Core/Src/main.c:435:13:MX_USART1_UART_Init	8	static
../Core/Src/main.c:468:13:MX_USART2_UART_Init	8	static
../Core/Src/main.c:501:13:MX_GPIO_Init	40	static
../Core/Src/main.c:588:6:HAL_UART_RxCpltCallback	16	static
../Core/Src/main.c:602:6:HAL_GPIO_EXTI_Callback	16	static
../Core/Src/main.c:624:13:draw_target	24	static
../Core/Src/main.c:634:13:lcd_draw_idle	24	static
../Core/Src/main.c:649:6:touchscreen_debug_calibrate	120	static
../Core/Src/main.c:813:6:StartLCDTask	128	static
../Core/Src/main.c:927:6:StartEsp8266Task	72	static
../Core/Src/main.c:969:6:StartSht3xTask	16	static
../Core/Src/main.c:1024:6:StartDefaultTask	16	static
../Core/Src/main.c:1043:6:HAL_TIM_PeriodElapsedCallback	16	static
../Core/Src/main.c:1061:6:Error_Handler	4	static,ignoring_inline_asm
