../Core/Src/stm32f4xx_it.c:64:6:NMI_Handler	4	static
../Core/Src/stm32f4xx_it.c:76:6:HardFault_Handler	4	static
../Core/Src/stm32f4xx_it.c:90:6:MemManage_Handler	4	static
../Core/Src/stm32f4xx_it.c:104:6:BusFault_Handler	4	static
../Core/Src/stm32f4xx_it.c:118:6:UsageFault_Handler	4	static
../Core/Src/stm32f4xx_it.c:132:6:DebugMon_Handler	4	static
../Core/Src/stm32f4xx_it.c:150:6:EXTI2_IRQHandler	8	static
../Core/Src/stm32f4xx_it.c:164:6:USART1_IRQHandler	8	static
../Core/Src/stm32f4xx_it.c:176:6:EXTI15_10_IRQHandler	8	static
../Core/Src/stm32f4xx_it.c:190:6:TIM5_IRQHandler	8	static
